<?xml version="1.0" encoding="ISO-8859-1" ?>
<link_info>
   <banner>TMS320C2000 Linker PC v22.6.2.LTS</banner>
   <copyright>Copyright (c) 1996-2018 Texas Instruments Incorporated</copyright>
   <link_time>0x6917a625</link_time>
   <link_errors>0x0</link_errors>
   <output_file>adc_ex1_soc_epwm.out</output_file>
   <entry_point>
      <name>code_start</name>
      <address>0x80000</address>
   </entry_point>
   <input_file_list>
      <input_file id="fl-2">
         <path>.\</path>
         <kind>object</kind>
         <file>adc_ex1_soc_epwm.obj</file>
         <name>adc_ex1_soc_epwm.obj</name>
      </input_file>
      <input_file id="fl-3">
         <path>.\</path>
         <kind>object</kind>
         <file>f28p55x_adc.obj</file>
         <name>f28p55x_adc.obj</name>
      </input_file>
      <input_file id="fl-4">
         <path>.\</path>
         <kind>object</kind>
         <file>f28p55x_codestartbranch.obj</file>
         <name>f28p55x_codestartbranch.obj</name>
      </input_file>
      <input_file id="fl-5">
         <path>.\</path>
         <kind>object</kind>
         <file>f28p55x_cputimers.obj</file>
         <name>f28p55x_cputimers.obj</name>
      </input_file>
      <input_file id="fl-6">
         <path>.\</path>
         <kind>object</kind>
         <file>f28p55x_defaultisr.obj</file>
         <name>f28p55x_defaultisr.obj</name>
      </input_file>
      <input_file id="fl-7">
         <path>.\</path>
         <kind>object</kind>
         <file>f28p55x_dma.obj</file>
         <name>f28p55x_dma.obj</name>
      </input_file>
      <input_file id="fl-8">
         <path>.\</path>
         <kind>object</kind>
         <file>f28p55x_epwm.obj</file>
         <name>f28p55x_epwm.obj</name>
      </input_file>
      <input_file id="fl-9">
         <path>.\</path>
         <kind>object</kind>
         <file>f28p55x_globalvariabledefs.obj</file>
         <name>f28p55x_globalvariabledefs.obj</name>
      </input_file>
      <input_file id="fl-a">
         <path>.\</path>
         <kind>object</kind>
         <file>f28p55x_gpio.obj</file>
         <name>f28p55x_gpio.obj</name>
      </input_file>
      <input_file id="fl-b">
         <path>.\</path>
         <kind>object</kind>
         <file>f28p55x_piectrl.obj</file>
         <name>f28p55x_piectrl.obj</name>
      </input_file>
      <input_file id="fl-c">
         <path>.\</path>
         <kind>object</kind>
         <file>f28p55x_pievect.obj</file>
         <name>f28p55x_pievect.obj</name>
      </input_file>
      <input_file id="fl-d">
         <path>.\</path>
         <kind>object</kind>
         <file>f28p55x_sysctrl.obj</file>
         <name>f28p55x_sysctrl.obj</name>
      </input_file>
      <input_file id="fl-e">
         <path>.\</path>
         <kind>object</kind>
         <file>f28p55x_tempsensorconv.obj</file>
         <name>f28p55x_tempsensorconv.obj</name>
      </input_file>
      <input_file id="fl-f">
         <path>.\</path>
         <kind>object</kind>
         <file>f28p55x_usdelay.obj</file>
         <name>f28p55x_usdelay.obj</name>
      </input_file>
      <input_file id="fl-14">
         <kind>object</kind>
         <file>&lt;internal&gt;</file>
         <name>&lt;internal&gt;</name>
      </input_file>
      <input_file id="fl-20">
         <path>C:\ti\ccs2020\ccs\tools\compiler\ti-cgt-c2000_22.6.2.LTS\lib\</path>
         <kind>archive</kind>
         <file>rts2800_fpu32_eabi.lib</file>
         <name>boot28.asm.obj</name>
      </input_file>
      <input_file id="fl-21">
         <path>C:\ti\ccs2020\ccs\tools\compiler\ti-cgt-c2000_22.6.2.LTS\lib\</path>
         <kind>archive</kind>
         <file>rts2800_fpu32_eabi.lib</file>
         <name>fs_div28.asm.obj</name>
      </input_file>
      <input_file id="fl-22">
         <path>C:\ti\ccs2020\ccs\tools\compiler\ti-cgt-c2000_22.6.2.LTS\lib\</path>
         <kind>archive</kind>
         <file>rts2800_fpu32_eabi.lib</file>
         <name>l_div28.asm.obj</name>
      </input_file>
      <input_file id="fl-23">
         <path>C:\ti\ccs2020\ccs\tools\compiler\ti-cgt-c2000_22.6.2.LTS\lib\</path>
         <kind>archive</kind>
         <file>rts2800_fpu32_eabi.lib</file>
         <name>memcpy.c.obj</name>
      </input_file>
      <input_file id="fl-24">
         <path>C:\ti\ccs2020\ccs\tools\compiler\ti-cgt-c2000_22.6.2.LTS\lib\</path>
         <kind>archive</kind>
         <file>rts2800_fpu32_eabi.lib</file>
         <name>pre_init.c.obj</name>
      </input_file>
      <input_file id="fl-25">
         <path>C:\ti\ccs2020\ccs\tools\compiler\ti-cgt-c2000_22.6.2.LTS\lib\</path>
         <kind>archive</kind>
         <file>rts2800_fpu32_eabi.lib</file>
         <name>autoinit.c.obj</name>
      </input_file>
      <input_file id="fl-26">
         <path>C:\ti\ccs2020\ccs\tools\compiler\ti-cgt-c2000_22.6.2.LTS\lib\</path>
         <kind>archive</kind>
         <file>rts2800_fpu32_eabi.lib</file>
         <name>copy_zero_init.c.obj</name>
      </input_file>
      <input_file id="fl-27">
         <path>C:\ti\ccs2020\ccs\tools\compiler\ti-cgt-c2000_22.6.2.LTS\lib\</path>
         <kind>archive</kind>
         <file>rts2800_fpu32_eabi.lib</file>
         <name>copy_decompress_none.c.obj</name>
      </input_file>
      <input_file id="fl-28">
         <path>C:\ti\ccs2020\ccs\tools\compiler\ti-cgt-c2000_22.6.2.LTS\lib\</path>
         <kind>archive</kind>
         <file>rts2800_fpu32_eabi.lib</file>
         <name>copy_decompress_lzss.c.obj</name>
      </input_file>
      <input_file id="fl-29">
         <path>C:\ti\ccs2020\ccs\tools\compiler\ti-cgt-c2000_22.6.2.LTS\lib\</path>
         <kind>archive</kind>
         <file>rts2800_fpu32_eabi.lib</file>
         <name>exit.c.obj</name>
      </input_file>
      <input_file id="fl-2a">
         <path>C:\ti\ccs2020\ccs\tools\compiler\ti-cgt-c2000_22.6.2.LTS\lib\</path>
         <kind>archive</kind>
         <file>rts2800_fpu32_eabi.lib</file>
         <name>_lock.c.obj</name>
      </input_file>
      <input_file id="fl-2b">
         <path>C:\ti\ccs2020\ccs\tools\compiler\ti-cgt-c2000_22.6.2.LTS\lib\</path>
         <kind>archive</kind>
         <file>rts2800_fpu32_eabi.lib</file>
         <name>args_main.c.obj</name>
      </input_file>
      <input_file id="fl-2c">
         <path>C:\ti\ccs2020\ccs\tools\compiler\ti-cgt-c2000_22.6.2.LTS\lib\</path>
         <kind>archive</kind>
         <file>rts2800_fpu32_eabi.lib</file>
         <name>memset.c.obj</name>
      </input_file>
      <input_file id="fl-2d">
         <path>C:\ti\ccs2020\ccs\tools\compiler\ti-cgt-c2000_22.6.2.LTS\lib\</path>
         <kind>archive</kind>
         <file>rts2800_fpu32_eabi.lib</file>
         <name>cpy_tbl.c.obj</name>
      </input_file>
      <input_file id="fl-2e">
         <path>C:\ti\ccs2020\ccs\tools\compiler\ti-cgt-c2000_22.6.2.LTS\lib\</path>
         <kind>archive</kind>
         <file>rts2800_fpu32_eabi.lib</file>
         <name>startup.c.obj</name>
      </input_file>
   </input_file_list>
   <object_component_list>
      <object_component id="oc-a8">
         <name>codestart</name>
         <load_address>0x80000</load_address>
         <run_address>0x80000</run_address>
         <size>0x2</size>
         <input_file_ref idref="fl-4"/>
      </object_component>
      <object_component id="oc-506">
         <name>.text:DisableDog</name>
         <load_address>0x80030</load_address>
         <run_address>0x80030</run_address>
         <size>0xd</size>
         <input_file_ref idref="fl-d"/>
      </object_component>
      <object_component id="oc-54e">
         <name>.text</name>
         <load_address>0x8003d</load_address>
         <run_address>0x8003d</run_address>
         <size>0x2</size>
         <input_file_ref idref="fl-24"/>
      </object_component>
      <object_component id="oc-622">
         <name>.text</name>
         <load_address>0x8003f</load_address>
         <run_address>0x8003f</run_address>
         <size>0x1</size>
         <input_file_ref idref="fl-2e"/>
      </object_component>
      <object_component id="oc-52b">
         <name>.text:SetVREF</name>
         <load_address>0x80200</load_address>
         <run_address>0x80200</run_address>
         <size>0x13b</size>
         <input_file_ref idref="fl-3"/>
      </object_component>
      <object_component id="oc-512">
         <name>.text:InitSysPll</name>
         <load_address>0x8033b</load_address>
         <run_address>0x8033b</run_address>
         <size>0xe6</size>
         <input_file_ref idref="fl-d"/>
      </object_component>
      <object_component id="oc-58b">
         <name>.text:IsPLLValid</name>
         <load_address>0x80421</load_address>
         <run_address>0x80421</run_address>
         <size>0xa0</size>
         <input_file_ref idref="fl-d"/>
      </object_component>
      <object_component id="oc-41b">
         <name>.text</name>
         <load_address>0x804c1</load_address>
         <run_address>0x804c1</run_address>
         <size>0x88</size>
         <input_file_ref idref="fl-21"/>
      </object_component>
      <object_component id="oc-518">
         <name>.text:InitPeripheralClocks</name>
         <load_address>0x80549</load_address>
         <run_address>0x80549</run_address>
         <size>0x7b</size>
         <input_file_ref idref="fl-d"/>
      </object_component>
      <object_component id="oc-60b">
         <name>.text:ComputeCntrSeedValue</name>
         <load_address>0x805c4</load_address>
         <run_address>0x805c4</run_address>
         <size>0x77</size>
         <input_file_ref idref="fl-d"/>
      </object_component>
      <object_component id="oc-b3">
         <name>.text:adcA1ISR</name>
         <load_address>0x8063b</load_address>
         <run_address>0x8063b</run_address>
         <size>0x6d</size>
         <input_file_ref idref="fl-2"/>
      </object_component>
      <object_component id="oc-440">
         <name>.text:initEPWM</name>
         <load_address>0x806a8</load_address>
         <run_address>0x806a8</run_address>
         <size>0x63</size>
         <input_file_ref idref="fl-2"/>
      </object_component>
      <object_component id="oc-428">
         <name>.text:InitGpio</name>
         <load_address>0x8070b</load_address>
         <run_address>0x8070b</run_address>
         <size>0x43</size>
         <input_file_ref idref="fl-a"/>
      </object_component>
      <object_component id="oc-b9">
         <name>.text:main</name>
         <load_address>0x8074e</load_address>
         <run_address>0x8074e</run_address>
         <size>0x39</size>
         <input_file_ref idref="fl-2"/>
      </object_component>
      <object_component id="oc-9b">
         <name>.text:decompress:lzss</name>
         <load_address>0x80787</load_address>
         <run_address>0x80787</run_address>
         <size>0x2e</size>
         <input_file_ref idref="fl-28"/>
      </object_component>
      <object_component id="oc-5b9">
         <name>.text:__TI_auto_init_nobinit_nopinit</name>
         <load_address>0x807b5</load_address>
         <run_address>0x807b5</run_address>
         <size>0x2b</size>
         <input_file_ref idref="fl-25"/>
      </object_component>
      <object_component id="oc-55b">
         <name>.text</name>
         <load_address>0x807e0</load_address>
         <run_address>0x807e0</run_address>
         <size>0x29</size>
         <input_file_ref idref="fl-29"/>
      </object_component>
      <object_component id="oc-434">
         <name>.text:InitPieVectTable</name>
         <load_address>0x80809</load_address>
         <run_address>0x80809</run_address>
         <size>0x25</size>
         <input_file_ref idref="fl-c"/>
      </object_component>
      <object_component id="oc-57f">
         <name>.text:SysXtalOscSel</name>
         <load_address>0x8082e</load_address>
         <run_address>0x8082e</run_address>
         <size>0x20</size>
         <input_file_ref idref="fl-d"/>
      </object_component>
      <object_component id="oc-42e">
         <name>.text:InitPieCtrl</name>
         <load_address>0x8084e</load_address>
         <run_address>0x8084e</run_address>
         <size>0x1f</size>
         <input_file_ref idref="fl-b"/>
      </object_component>
      <object_component id="oc-422">
         <name>.text:InitSysCtrl</name>
         <load_address>0x8086d</load_address>
         <run_address>0x8086d</run_address>
         <size>0x1e</size>
         <input_file_ref idref="fl-d"/>
      </object_component>
      <object_component id="oc-3ef">
         <name>.text</name>
         <load_address>0x8088b</load_address>
         <run_address>0x8088b</run_address>
         <size>0x1d</size>
         <input_file_ref idref="fl-23"/>
      </object_component>
      <object_component id="oc-5fd">
         <name>.text:PollX1Counter</name>
         <load_address>0x808a8</load_address>
         <run_address>0x808a8</run_address>
         <size>0x1b</size>
         <input_file_ref idref="fl-d"/>
      </object_component>
      <object_component id="oc-446">
         <name>.text:initADCSOC</name>
         <load_address>0x808c3</load_address>
         <run_address>0x808c3</run_address>
         <size>0x1b</size>
         <input_file_ref idref="fl-2"/>
      </object_component>
      <object_component id="oc-4ef">
         <name>.text</name>
         <load_address>0x808de</load_address>
         <run_address>0x808de</run_address>
         <size>0x17</size>
         <input_file_ref idref="fl-20"/>
      </object_component>
      <object_component id="oc-585">
         <name>.text:SysXtalOscSESel</name>
         <load_address>0x808f5</load_address>
         <run_address>0x808f5</run_address>
         <size>0x15</size>
         <input_file_ref idref="fl-d"/>
      </object_component>
      <object_component id="oc-43a">
         <name>.text:initADC</name>
         <load_address>0x8090a</load_address>
         <run_address>0x8090a</run_address>
         <size>0x14</size>
         <input_file_ref idref="fl-2"/>
      </object_component>
      <object_component id="oc-3e0">
         <name>.text:EMPTY_ISR</name>
         <load_address>0x8091e</load_address>
         <run_address>0x8091e</run_address>
         <size>0xd</size>
         <input_file_ref idref="fl-6"/>
      </object_component>
      <object_component id="oc-3f7">
         <name>.text:decompress:ZI:__TI_zero_init_nomemset</name>
         <load_address>0x8092b</load_address>
         <run_address>0x8092b</run_address>
         <size>0xd</size>
         <input_file_ref idref="fl-26"/>
      </object_component>
      <object_component id="oc-555">
         <name>.text</name>
         <load_address>0x80938</load_address>
         <run_address>0x80938</run_address>
         <size>0xc</size>
         <input_file_ref idref="fl-2b"/>
      </object_component>
      <object_component id="oc-134">
         <name>.text:ADCA1_ISR</name>
         <load_address>0x80944</load_address>
         <run_address>0x80944</run_address>
         <size>0xa</size>
         <input_file_ref idref="fl-6"/>
      </object_component>
      <object_component id="oc-28a">
         <name>.text:ADCA2_ISR</name>
         <load_address>0x8094e</load_address>
         <run_address>0x8094e</run_address>
         <size>0xa</size>
         <input_file_ref idref="fl-6"/>
      </object_component>
      <object_component id="oc-290">
         <name>.text:ADCA3_ISR</name>
         <load_address>0x80958</load_address>
         <run_address>0x80958</run_address>
         <size>0xa</size>
         <input_file_ref idref="fl-6"/>
      </object_component>
      <object_component id="oc-296">
         <name>.text:ADCA4_ISR</name>
         <load_address>0x80962</load_address>
         <run_address>0x80962</run_address>
         <size>0xa</size>
         <input_file_ref idref="fl-6"/>
      </object_component>
      <object_component id="oc-284">
         <name>.text:ADCA_EVT_ISR</name>
         <load_address>0x8096c</load_address>
         <run_address>0x8096c</run_address>
         <size>0xa</size>
         <input_file_ref idref="fl-6"/>
      </object_component>
      <object_component id="oc-13a">
         <name>.text:ADCB1_ISR</name>
         <load_address>0x80976</load_address>
         <run_address>0x80976</run_address>
         <size>0xa</size>
         <input_file_ref idref="fl-6"/>
      </object_component>
      <object_component id="oc-2a2">
         <name>.text:ADCB2_ISR</name>
         <load_address>0x80980</load_address>
         <run_address>0x80980</run_address>
         <size>0xa</size>
         <input_file_ref idref="fl-6"/>
      </object_component>
      <object_component id="oc-2a8">
         <name>.text:ADCB3_ISR</name>
         <load_address>0x8098a</load_address>
         <run_address>0x8098a</run_address>
         <size>0xa</size>
         <input_file_ref idref="fl-6"/>
      </object_component>
      <object_component id="oc-2ae">
         <name>.text:ADCB4_ISR</name>
         <load_address>0x80994</load_address>
         <run_address>0x80994</run_address>
         <size>0xa</size>
         <input_file_ref idref="fl-6"/>
      </object_component>
      <object_component id="oc-29c">
         <name>.text:ADCB_EVT_ISR</name>
         <load_address>0x8099e</load_address>
         <run_address>0x8099e</run_address>
         <size>0xa</size>
         <input_file_ref idref="fl-6"/>
      </object_component>
      <object_component id="oc-140">
         <name>.text:ADCC1_ISR</name>
         <load_address>0x809a8</load_address>
         <run_address>0x809a8</run_address>
         <size>0xa</size>
         <input_file_ref idref="fl-6"/>
      </object_component>
      <object_component id="oc-392">
         <name>.text:ADCC2_ISR</name>
         <load_address>0x809b2</load_address>
         <run_address>0x809b2</run_address>
         <size>0xa</size>
         <input_file_ref idref="fl-6"/>
      </object_component>
      <object_component id="oc-398">
         <name>.text:ADCC3_ISR</name>
         <load_address>0x809bc</load_address>
         <run_address>0x809bc</run_address>
         <size>0xa</size>
         <input_file_ref idref="fl-6"/>
      </object_component>
      <object_component id="oc-39e">
         <name>.text:ADCC4_ISR</name>
         <load_address>0x809c6</load_address>
         <run_address>0x809c6</run_address>
         <size>0xa</size>
         <input_file_ref idref="fl-6"/>
      </object_component>
      <object_component id="oc-38c">
         <name>.text:ADCC_EVT_ISR</name>
         <load_address>0x809d0</load_address>
         <run_address>0x809d0</run_address>
         <size>0xa</size>
         <input_file_ref idref="fl-6"/>
      </object_component>
      <object_component id="oc-30e">
         <name>.text:ADCD1_ISR</name>
         <load_address>0x809da</load_address>
         <run_address>0x809da</run_address>
         <size>0xa</size>
         <input_file_ref idref="fl-6"/>
      </object_component>
      <object_component id="oc-3aa">
         <name>.text:ADCD2_ISR</name>
         <load_address>0x809e4</load_address>
         <run_address>0x809e4</run_address>
         <size>0xa</size>
         <input_file_ref idref="fl-6"/>
      </object_component>
      <object_component id="oc-3b0">
         <name>.text:ADCD3_ISR</name>
         <load_address>0x809ee</load_address>
         <run_address>0x809ee</run_address>
         <size>0xa</size>
         <input_file_ref idref="fl-6"/>
      </object_component>
      <object_component id="oc-3b6">
         <name>.text:ADCD4_ISR</name>
         <load_address>0x809f8</load_address>
         <run_address>0x809f8</run_address>
         <size>0xa</size>
         <input_file_ref idref="fl-6"/>
      </object_component>
      <object_component id="oc-3a4">
         <name>.text:ADCD_EVT_ISR</name>
         <load_address>0x80a02</load_address>
         <run_address>0x80a02</run_address>
         <size>0xa</size>
         <input_file_ref idref="fl-6"/>
      </object_component>
      <object_component id="oc-314">
         <name>.text:ADCE1_ISR</name>
         <load_address>0x80a0c</load_address>
         <run_address>0x80a0c</run_address>
         <size>0xa</size>
         <input_file_ref idref="fl-6"/>
      </object_component>
      <object_component id="oc-3c2">
         <name>.text:ADCE2_ISR</name>
         <load_address>0x80a16</load_address>
         <run_address>0x80a16</run_address>
         <size>0xa</size>
         <input_file_ref idref="fl-6"/>
      </object_component>
      <object_component id="oc-3c8">
         <name>.text:ADCE3_ISR</name>
         <load_address>0x80a20</load_address>
         <run_address>0x80a20</run_address>
         <size>0xa</size>
         <input_file_ref idref="fl-6"/>
      </object_component>
      <object_component id="oc-3ce">
         <name>.text:ADCE4_ISR</name>
         <load_address>0x80a2a</load_address>
         <run_address>0x80a2a</run_address>
         <size>0xa</size>
         <input_file_ref idref="fl-6"/>
      </object_component>
      <object_component id="oc-3bc">
         <name>.text:ADCE_EVT_ISR</name>
         <load_address>0x80a34</load_address>
         <run_address>0x80a34</run_address>
         <size>0xa</size>
         <input_file_ref idref="fl-6"/>
      </object_component>
      <object_component id="oc-3d4">
         <name>.text:AES_SINTREQUEST_ISR</name>
         <load_address>0x80a3e</load_address>
         <run_address>0x80a3e</run_address>
         <size>0xa</size>
         <input_file_ref idref="fl-6"/>
      </object_component>
      <object_component id="oc-2b4">
         <name>.text:CLA1_1_ISR</name>
         <load_address>0x80a48</load_address>
         <run_address>0x80a48</run_address>
         <size>0xa</size>
         <input_file_ref idref="fl-6"/>
      </object_component>
      <object_component id="oc-2ba">
         <name>.text:CLA1_2_ISR</name>
         <load_address>0x80a52</load_address>
         <run_address>0x80a52</run_address>
         <size>0xa</size>
         <input_file_ref idref="fl-6"/>
      </object_component>
      <object_component id="oc-2c0">
         <name>.text:CLA1_3_ISR</name>
         <load_address>0x80a5c</load_address>
         <run_address>0x80a5c</run_address>
         <size>0xa</size>
         <input_file_ref idref="fl-6"/>
      </object_component>
      <object_component id="oc-2c6">
         <name>.text:CLA1_4_ISR</name>
         <load_address>0x80a66</load_address>
         <run_address>0x80a66</run_address>
         <size>0xa</size>
         <input_file_ref idref="fl-6"/>
      </object_component>
      <object_component id="oc-2cc">
         <name>.text:CLA1_5_ISR</name>
         <load_address>0x80a70</load_address>
         <run_address>0x80a70</run_address>
         <size>0xa</size>
         <input_file_ref idref="fl-6"/>
      </object_component>
      <object_component id="oc-2d2">
         <name>.text:CLA1_6_ISR</name>
         <load_address>0x80a7a</load_address>
         <run_address>0x80a7a</run_address>
         <size>0xa</size>
         <input_file_ref idref="fl-6"/>
      </object_component>
      <object_component id="oc-2d8">
         <name>.text:CLA1_7_ISR</name>
         <load_address>0x80a84</load_address>
         <run_address>0x80a84</run_address>
         <size>0xa</size>
         <input_file_ref idref="fl-6"/>
      </object_component>
      <object_component id="oc-2de">
         <name>.text:CLA1_8_ISR</name>
         <load_address>0x80a8e</load_address>
         <run_address>0x80a8e</run_address>
         <size>0xa</size>
         <input_file_ref idref="fl-6"/>
      </object_component>
      <object_component id="oc-1e2">
         <name>.text:CLB1_ISR</name>
         <load_address>0x80a98</load_address>
         <run_address>0x80a98</run_address>
         <size>0xa</size>
         <input_file_ref idref="fl-6"/>
      </object_component>
      <object_component id="oc-1e8">
         <name>.text:CLB2_ISR</name>
         <load_address>0x80aa2</load_address>
         <run_address>0x80aa2</run_address>
         <size>0xa</size>
         <input_file_ref idref="fl-6"/>
      </object_component>
      <object_component id="oc-ce">
         <name>.text:DATALOG_ISR</name>
         <load_address>0x80aac</load_address>
         <run_address>0x80aac</run_address>
         <size>0xa</size>
         <input_file_ref idref="fl-6"/>
      </object_component>
      <object_component id="oc-206">
         <name>.text:DCC0_ISR</name>
         <load_address>0x80ab6</load_address>
         <run_address>0x80ab6</run_address>
         <size>0xa</size>
         <input_file_ref idref="fl-6"/>
      </object_component>
      <object_component id="oc-20c">
         <name>.text:DCC1_ISR</name>
         <load_address>0x80ac0</load_address>
         <run_address>0x80ac0</run_address>
         <size>0xa</size>
         <input_file_ref idref="fl-6"/>
      </object_component>
      <object_component id="oc-212">
         <name>.text:DMA_CH1_ISR</name>
         <load_address>0x80aca</load_address>
         <run_address>0x80aca</run_address>
         <size>0xa</size>
         <input_file_ref idref="fl-6"/>
      </object_component>
      <object_component id="oc-218">
         <name>.text:DMA_CH2_ISR</name>
         <load_address>0x80ad4</load_address>
         <run_address>0x80ad4</run_address>
         <size>0xa</size>
         <input_file_ref idref="fl-6"/>
      </object_component>
      <object_component id="oc-21e">
         <name>.text:DMA_CH3_ISR</name>
         <load_address>0x80ade</load_address>
         <run_address>0x80ade</run_address>
         <size>0xa</size>
         <input_file_ref idref="fl-6"/>
      </object_component>
      <object_component id="oc-224">
         <name>.text:DMA_CH4_ISR</name>
         <load_address>0x80ae8</load_address>
         <run_address>0x80ae8</run_address>
         <size>0xa</size>
         <input_file_ref idref="fl-6"/>
      </object_component>
      <object_component id="oc-22a">
         <name>.text:DMA_CH5_ISR</name>
         <load_address>0x80af2</load_address>
         <run_address>0x80af2</run_address>
         <size>0xa</size>
         <input_file_ref idref="fl-6"/>
      </object_component>
      <object_component id="oc-230">
         <name>.text:DMA_CH6_ISR</name>
         <load_address>0x80afc</load_address>
         <run_address>0x80afc</run_address>
         <size>0xa</size>
         <input_file_ref idref="fl-6"/>
      </object_component>
      <object_component id="oc-1c4">
         <name>.text:ECAP1_ISR</name>
         <load_address>0x80b06</load_address>
         <run_address>0x80b06</run_address>
         <size>0xa</size>
         <input_file_ref idref="fl-6"/>
      </object_component>
      <object_component id="oc-1ca">
         <name>.text:ECAP2_ISR</name>
         <load_address>0x80b10</load_address>
         <run_address>0x80b10</run_address>
         <size>0xa</size>
         <input_file_ref idref="fl-6"/>
      </object_component>
      <object_component id="oc-da">
         <name>.text:EMU_ISR</name>
         <load_address>0x80b1a</load_address>
         <run_address>0x80b1a</run_address>
         <size>0xa</size>
         <input_file_ref idref="fl-6"/>
      </object_component>
      <object_component id="oc-338">
         <name>.text:EPWM10_ISR</name>
         <load_address>0x80b24</load_address>
         <run_address>0x80b24</run_address>
         <size>0xa</size>
         <input_file_ref idref="fl-6"/>
      </object_component>
      <object_component id="oc-320">
         <name>.text:EPWM10_TZ_ISR</name>
         <load_address>0x80b2e</load_address>
         <run_address>0x80b2e</run_address>
         <size>0xa</size>
         <input_file_ref idref="fl-6"/>
      </object_component>
      <object_component id="oc-33e">
         <name>.text:EPWM11_ISR</name>
         <load_address>0x80b38</load_address>
         <run_address>0x80b38</run_address>
         <size>0xa</size>
         <input_file_ref idref="fl-6"/>
      </object_component>
      <object_component id="oc-326">
         <name>.text:EPWM11_TZ_ISR</name>
         <load_address>0x80b42</load_address>
         <run_address>0x80b42</run_address>
         <size>0xa</size>
         <input_file_ref idref="fl-6"/>
      </object_component>
      <object_component id="oc-344">
         <name>.text:EPWM12_ISR</name>
         <load_address>0x80b4c</load_address>
         <run_address>0x80b4c</run_address>
         <size>0xa</size>
         <input_file_ref idref="fl-6"/>
      </object_component>
      <object_component id="oc-32c">
         <name>.text:EPWM12_TZ_ISR</name>
         <load_address>0x80b56</load_address>
         <run_address>0x80b56</run_address>
         <size>0xa</size>
         <input_file_ref idref="fl-6"/>
      </object_component>
      <object_component id="oc-194">
         <name>.text:EPWM1_ISR</name>
         <load_address>0x80b60</load_address>
         <run_address>0x80b60</run_address>
         <size>0xa</size>
         <input_file_ref idref="fl-6"/>
      </object_component>
      <object_component id="oc-164">
         <name>.text:EPWM1_TZ_ISR</name>
         <load_address>0x80b6a</load_address>
         <run_address>0x80b6a</run_address>
         <size>0xa</size>
         <input_file_ref idref="fl-6"/>
      </object_component>
      <object_component id="oc-19a">
         <name>.text:EPWM2_ISR</name>
         <load_address>0x80b74</load_address>
         <run_address>0x80b74</run_address>
         <size>0xa</size>
         <input_file_ref idref="fl-6"/>
      </object_component>
      <object_component id="oc-16a">
         <name>.text:EPWM2_TZ_ISR</name>
         <load_address>0x80b7e</load_address>
         <run_address>0x80b7e</run_address>
         <size>0xa</size>
         <input_file_ref idref="fl-6"/>
      </object_component>
      <object_component id="oc-1a0">
         <name>.text:EPWM3_ISR</name>
         <load_address>0x80b88</load_address>
         <run_address>0x80b88</run_address>
         <size>0xa</size>
         <input_file_ref idref="fl-6"/>
      </object_component>
      <object_component id="oc-170">
         <name>.text:EPWM3_TZ_ISR</name>
         <load_address>0x80b92</load_address>
         <run_address>0x80b92</run_address>
         <size>0xa</size>
         <input_file_ref idref="fl-6"/>
      </object_component>
      <object_component id="oc-1a6">
         <name>.text:EPWM4_ISR</name>
         <load_address>0x80b9c</load_address>
         <run_address>0x80b9c</run_address>
         <size>0xa</size>
         <input_file_ref idref="fl-6"/>
      </object_component>
      <object_component id="oc-176">
         <name>.text:EPWM4_TZ_ISR</name>
         <load_address>0x80ba6</load_address>
         <run_address>0x80ba6</run_address>
         <size>0xa</size>
         <input_file_ref idref="fl-6"/>
      </object_component>
      <object_component id="oc-1ac">
         <name>.text:EPWM5_ISR</name>
         <load_address>0x80bb0</load_address>
         <run_address>0x80bb0</run_address>
         <size>0xa</size>
         <input_file_ref idref="fl-6"/>
      </object_component>
      <object_component id="oc-17c">
         <name>.text:EPWM5_TZ_ISR</name>
         <load_address>0x80bba</load_address>
         <run_address>0x80bba</run_address>
         <size>0xa</size>
         <input_file_ref idref="fl-6"/>
      </object_component>
      <object_component id="oc-1b2">
         <name>.text:EPWM6_ISR</name>
         <load_address>0x80bc4</load_address>
         <run_address>0x80bc4</run_address>
         <size>0xa</size>
         <input_file_ref idref="fl-6"/>
      </object_component>
      <object_component id="oc-182">
         <name>.text:EPWM6_TZ_ISR</name>
         <load_address>0x80bce</load_address>
         <run_address>0x80bce</run_address>
         <size>0xa</size>
         <input_file_ref idref="fl-6"/>
      </object_component>
      <object_component id="oc-1b8">
         <name>.text:EPWM7_ISR</name>
         <load_address>0x80bd8</load_address>
         <run_address>0x80bd8</run_address>
         <size>0xa</size>
         <input_file_ref idref="fl-6"/>
      </object_component>
      <object_component id="oc-188">
         <name>.text:EPWM7_TZ_ISR</name>
         <load_address>0x80be2</load_address>
         <run_address>0x80be2</run_address>
         <size>0xa</size>
         <input_file_ref idref="fl-6"/>
      </object_component>
      <object_component id="oc-1be">
         <name>.text:EPWM8_ISR</name>
         <load_address>0x80bec</load_address>
         <run_address>0x80bec</run_address>
         <size>0xa</size>
         <input_file_ref idref="fl-6"/>
      </object_component>
      <object_component id="oc-18e">
         <name>.text:EPWM8_TZ_ISR</name>
         <load_address>0x80bf6</load_address>
         <run_address>0x80bf6</run_address>
         <size>0xa</size>
         <input_file_ref idref="fl-6"/>
      </object_component>
      <object_component id="oc-332">
         <name>.text:EPWM9_ISR</name>
         <load_address>0x80c00</load_address>
         <run_address>0x80c00</run_address>
         <size>0xa</size>
         <input_file_ref idref="fl-6"/>
      </object_component>
      <object_component id="oc-31a">
         <name>.text:EPWM9_TZ_ISR</name>
         <load_address>0x80c0a</load_address>
         <run_address>0x80c0a</run_address>
         <size>0xa</size>
         <input_file_ref idref="fl-6"/>
      </object_component>
      <object_component id="oc-1d0">
         <name>.text:EQEP1_ISR</name>
         <load_address>0x80c14</load_address>
         <run_address>0x80c14</run_address>
         <size>0xa</size>
         <input_file_ref idref="fl-6"/>
      </object_component>
      <object_component id="oc-1d6">
         <name>.text:EQEP2_ISR</name>
         <load_address>0x80c1e</load_address>
         <run_address>0x80c1e</run_address>
         <size>0xa</size>
         <input_file_ref idref="fl-6"/>
      </object_component>
      <object_component id="oc-1dc">
         <name>.text:EQEP3_ISR</name>
         <load_address>0x80c28</load_address>
         <run_address>0x80c28</run_address>
         <size>0xa</size>
         <input_file_ref idref="fl-6"/>
      </object_component>
      <object_component id="oc-2f6">
         <name>.text:FLSS_ISR</name>
         <load_address>0x80c32</load_address>
         <run_address>0x80c32</run_address>
         <size>0xa</size>
         <input_file_ref idref="fl-6"/>
      </object_component>
      <object_component id="oc-356">
         <name>.text:FSIRXA1_ISR</name>
         <load_address>0x80c3c</load_address>
         <run_address>0x80c3c</run_address>
         <size>0xa</size>
         <input_file_ref idref="fl-6"/>
      </object_component>
      <object_component id="oc-35c">
         <name>.text:FSIRXA2_ISR</name>
         <load_address>0x80c46</load_address>
         <run_address>0x80c46</run_address>
         <size>0xa</size>
         <input_file_ref idref="fl-6"/>
      </object_component>
      <object_component id="oc-34a">
         <name>.text:FSITXA1_ISR</name>
         <load_address>0x80c50</load_address>
         <run_address>0x80c50</run_address>
         <size>0xa</size>
         <input_file_ref idref="fl-6"/>
      </object_component>
      <object_component id="oc-350">
         <name>.text:FSITXA2_ISR</name>
         <load_address>0x80c5a</load_address>
         <run_address>0x80c5a</run_address>
         <size>0xa</size>
         <input_file_ref idref="fl-6"/>
      </object_component>
      <object_component id="oc-242">
         <name>.text:I2CA_FIFO_ISR</name>
         <load_address>0x80c64</load_address>
         <run_address>0x80c64</run_address>
         <size>0xa</size>
         <input_file_ref idref="fl-6"/>
      </object_component>
      <object_component id="oc-23c">
         <name>.text:I2CA_ISR</name>
         <load_address>0x80c6e</load_address>
         <run_address>0x80c6e</run_address>
         <size>0xa</size>
         <input_file_ref idref="fl-6"/>
      </object_component>
      <object_component id="oc-24e">
         <name>.text:I2CB_FIFO_ISR</name>
         <load_address>0x80c78</load_address>
         <run_address>0x80c78</run_address>
         <size>0xa</size>
         <input_file_ref idref="fl-6"/>
      </object_component>
      <object_component id="oc-248">
         <name>.text:I2CB_ISR</name>
         <load_address>0x80c82</load_address>
         <run_address>0x80c82</run_address>
         <size>0xa</size>
         <input_file_ref idref="fl-6"/>
      </object_component>
      <object_component id="oc-e6">
         <name>.text:ILLEGAL_ISR</name>
         <load_address>0x80c8c</load_address>
         <run_address>0x80c8c</run_address>
         <size>0xa</size>
         <input_file_ref idref="fl-6"/>
      </object_component>
      <object_component id="oc-362">
         <name>.text:LINA_0_ISR</name>
         <load_address>0x80c96</load_address>
         <run_address>0x80c96</run_address>
         <size>0xa</size>
         <input_file_ref idref="fl-6"/>
      </object_component>
      <object_component id="oc-368">
         <name>.text:LINA_1_ISR</name>
         <load_address>0x80ca0</load_address>
         <run_address>0x80ca0</run_address>
         <size>0xa</size>
         <input_file_ref idref="fl-6"/>
      </object_component>
      <object_component id="oc-278">
         <name>.text:MCANA_0_ISR</name>
         <load_address>0x80caa</load_address>
         <run_address>0x80caa</run_address>
         <size>0xa</size>
         <input_file_ref idref="fl-6"/>
      </object_component>
      <object_component id="oc-27e">
         <name>.text:MCANA_1_ISR</name>
         <load_address>0x80cb4</load_address>
         <run_address>0x80cb4</run_address>
         <size>0xa</size>
         <input_file_ref idref="fl-6"/>
      </object_component>
      <object_component id="oc-308">
         <name>.text:MCANA_ECC_ISR</name>
         <load_address>0x80cbe</load_address>
         <run_address>0x80cbe</run_address>
         <size>0xa</size>
         <input_file_ref idref="fl-6"/>
      </object_component>
      <object_component id="oc-302">
         <name>.text:MCANA_WAKE_ISR</name>
         <load_address>0x80cc8</load_address>
         <run_address>0x80cc8</run_address>
         <size>0xa</size>
         <input_file_ref idref="fl-6"/>
      </object_component>
      <object_component id="oc-36e">
         <name>.text:MCANB_0_ISR</name>
         <load_address>0x80cd2</load_address>
         <run_address>0x80cd2</run_address>
         <size>0xa</size>
         <input_file_ref idref="fl-6"/>
      </object_component>
      <object_component id="oc-374">
         <name>.text:MCANB_1_ISR</name>
         <load_address>0x80cdc</load_address>
         <run_address>0x80cdc</run_address>
         <size>0xa</size>
         <input_file_ref idref="fl-6"/>
      </object_component>
      <object_component id="oc-380">
         <name>.text:MCANB_ECC_ISR</name>
         <load_address>0x80ce6</load_address>
         <run_address>0x80ce6</run_address>
         <size>0xa</size>
         <input_file_ref idref="fl-6"/>
      </object_component>
      <object_component id="oc-37a">
         <name>.text:MCANB_WAKE_ISR</name>
         <load_address>0x80cf0</load_address>
         <run_address>0x80cf0</run_address>
         <size>0xa</size>
         <input_file_ref idref="fl-6"/>
      </object_component>
      <object_component id="oc-e0">
         <name>.text:NMI_ISR</name>
         <load_address>0x80cfa</load_address>
         <run_address>0x80cfa</run_address>
         <size>0xa</size>
         <input_file_ref idref="fl-6"/>
      </object_component>
      <object_component id="oc-3e6">
         <name>.text:NOTUSED_ISR</name>
         <load_address>0x80d04</load_address>
         <run_address>0x80d04</run_address>
         <size>0xa</size>
         <input_file_ref idref="fl-6"/>
      </object_component>
      <object_component id="oc-3da">
         <name>.text:PIE_RESERVED_ISR</name>
         <load_address>0x80d0e</load_address>
         <run_address>0x80d0e</run_address>
         <size>0xa</size>
         <input_file_ref idref="fl-6"/>
      </object_component>
      <object_component id="oc-236">
         <name>.text:PMBUSA_ISR</name>
         <load_address>0x80d18</load_address>
         <run_address>0x80d18</run_address>
         <size>0xa</size>
         <input_file_ref idref="fl-6"/>
      </object_component>
      <object_component id="oc-d4">
         <name>.text:RTOS_ISR</name>
         <load_address>0x80d22</load_address>
         <run_address>0x80d22</run_address>
         <size>0xa</size>
         <input_file_ref idref="fl-6"/>
      </object_component>
      <object_component id="oc-260">
         <name>.text:SCIA_RX_ISR</name>
         <load_address>0x80d2c</load_address>
         <run_address>0x80d2c</run_address>
         <size>0xa</size>
         <input_file_ref idref="fl-6"/>
      </object_component>
      <object_component id="oc-266">
         <name>.text:SCIA_TX_ISR</name>
         <load_address>0x80d36</load_address>
         <run_address>0x80d36</run_address>
         <size>0xa</size>
         <input_file_ref idref="fl-6"/>
      </object_component>
      <object_component id="oc-26c">
         <name>.text:SCIB_RX_ISR</name>
         <load_address>0x80d40</load_address>
         <run_address>0x80d40</run_address>
         <size>0xa</size>
         <input_file_ref idref="fl-6"/>
      </object_component>
      <object_component id="oc-272">
         <name>.text:SCIB_TX_ISR</name>
         <load_address>0x80d4a</load_address>
         <run_address>0x80d4a</run_address>
         <size>0xa</size>
         <input_file_ref idref="fl-6"/>
      </object_component>
      <object_component id="oc-254">
         <name>.text:SCIC_RX_ISR</name>
         <load_address>0x80d54</load_address>
         <run_address>0x80d54</run_address>
         <size>0xa</size>
         <input_file_ref idref="fl-6"/>
      </object_component>
      <object_component id="oc-25a">
         <name>.text:SCIC_TX_ISR</name>
         <load_address>0x80d5e</load_address>
         <run_address>0x80d5e</run_address>
         <size>0xa</size>
         <input_file_ref idref="fl-6"/>
      </object_component>
      <object_component id="oc-1ee">
         <name>.text:SPIA_RX_ISR</name>
         <load_address>0x80d68</load_address>
         <run_address>0x80d68</run_address>
         <size>0xa</size>
         <input_file_ref idref="fl-6"/>
      </object_component>
      <object_component id="oc-1f4">
         <name>.text:SPIA_TX_ISR</name>
         <load_address>0x80d72</load_address>
         <run_address>0x80d72</run_address>
         <size>0xa</size>
         <input_file_ref idref="fl-6"/>
      </object_component>
      <object_component id="oc-1fa">
         <name>.text:SPIB_RX_ISR</name>
         <load_address>0x80d7c</load_address>
         <run_address>0x80d7c</run_address>
         <size>0xa</size>
         <input_file_ref idref="fl-6"/>
      </object_component>
      <object_component id="oc-200">
         <name>.text:SPIB_TX_ISR</name>
         <load_address>0x80d86</load_address>
         <run_address>0x80d86</run_address>
         <size>0xa</size>
         <input_file_ref idref="fl-6"/>
      </object_component>
      <object_component id="oc-152">
         <name>.text:SYS_ERR_ISR</name>
         <load_address>0x80d90</load_address>
         <run_address>0x80d90</run_address>
         <size>0xa</size>
         <input_file_ref idref="fl-6"/>
      </object_component>
      <object_component id="oc-158">
         <name>.text:TIMER0_ISR</name>
         <load_address>0x80d9a</load_address>
         <run_address>0x80d9a</run_address>
         <size>0xa</size>
         <input_file_ref idref="fl-6"/>
      </object_component>
      <object_component id="oc-bf">
         <name>.text:TIMER1_ISR</name>
         <load_address>0x80da4</load_address>
         <run_address>0x80da4</run_address>
         <size>0xa</size>
         <input_file_ref idref="fl-6"/>
      </object_component>
      <object_component id="oc-c8">
         <name>.text:TIMER2_ISR</name>
         <load_address>0x80dae</load_address>
         <run_address>0x80dae</run_address>
         <size>0xa</size>
         <input_file_ref idref="fl-6"/>
      </object_component>
      <object_component id="oc-386">
         <name>.text:USBA_ISR</name>
         <load_address>0x80db8</load_address>
         <run_address>0x80db8</run_address>
         <size>0xa</size>
         <input_file_ref idref="fl-6"/>
      </object_component>
      <object_component id="oc-122">
         <name>.text:USER10_ISR</name>
         <load_address>0x80dc2</load_address>
         <run_address>0x80dc2</run_address>
         <size>0xa</size>
         <input_file_ref idref="fl-6"/>
      </object_component>
      <object_component id="oc-128">
         <name>.text:USER11_ISR</name>
         <load_address>0x80dcc</load_address>
         <run_address>0x80dcc</run_address>
         <size>0xa</size>
         <input_file_ref idref="fl-6"/>
      </object_component>
      <object_component id="oc-12e">
         <name>.text:USER12_ISR</name>
         <load_address>0x80dd6</load_address>
         <run_address>0x80dd6</run_address>
         <size>0xa</size>
         <input_file_ref idref="fl-6"/>
      </object_component>
      <object_component id="oc-ec">
         <name>.text:USER1_ISR</name>
         <load_address>0x80de0</load_address>
         <run_address>0x80de0</run_address>
         <size>0xa</size>
         <input_file_ref idref="fl-6"/>
      </object_component>
      <object_component id="oc-f2">
         <name>.text:USER2_ISR</name>
         <load_address>0x80dea</load_address>
         <run_address>0x80dea</run_address>
         <size>0xa</size>
         <input_file_ref idref="fl-6"/>
      </object_component>
      <object_component id="oc-f8">
         <name>.text:USER3_ISR</name>
         <load_address>0x80df4</load_address>
         <run_address>0x80df4</run_address>
         <size>0xa</size>
         <input_file_ref idref="fl-6"/>
      </object_component>
      <object_component id="oc-fe">
         <name>.text:USER4_ISR</name>
         <load_address>0x80dfe</load_address>
         <run_address>0x80dfe</run_address>
         <size>0xa</size>
         <input_file_ref idref="fl-6"/>
      </object_component>
      <object_component id="oc-104">
         <name>.text:USER5_ISR</name>
         <load_address>0x80e08</load_address>
         <run_address>0x80e08</run_address>
         <size>0xa</size>
         <input_file_ref idref="fl-6"/>
      </object_component>
      <object_component id="oc-10a">
         <name>.text:USER6_ISR</name>
         <load_address>0x80e12</load_address>
         <run_address>0x80e12</run_address>
         <size>0xa</size>
         <input_file_ref idref="fl-6"/>
      </object_component>
      <object_component id="oc-110">
         <name>.text:USER7_ISR</name>
         <load_address>0x80e1c</load_address>
         <run_address>0x80e1c</run_address>
         <size>0xa</size>
         <input_file_ref idref="fl-6"/>
      </object_component>
      <object_component id="oc-116">
         <name>.text:USER8_ISR</name>
         <load_address>0x80e26</load_address>
         <run_address>0x80e26</run_address>
         <size>0xa</size>
         <input_file_ref idref="fl-6"/>
      </object_component>
      <object_component id="oc-11c">
         <name>.text:USER9_ISR</name>
         <load_address>0x80e30</load_address>
         <run_address>0x80e30</run_address>
         <size>0xa</size>
         <input_file_ref idref="fl-6"/>
      </object_component>
      <object_component id="oc-2fc">
         <name>.text:VCU_ISR</name>
         <load_address>0x80e3a</load_address>
         <run_address>0x80e3a</run_address>
         <size>0xa</size>
         <input_file_ref idref="fl-6"/>
      </object_component>
      <object_component id="oc-15e">
         <name>.text:WAKE_ISR</name>
         <load_address>0x80e44</load_address>
         <run_address>0x80e44</run_address>
         <size>0xa</size>
         <input_file_ref idref="fl-6"/>
      </object_component>
      <object_component id="oc-146">
         <name>.text:XINT1_ISR</name>
         <load_address>0x80e4e</load_address>
         <run_address>0x80e4e</run_address>
         <size>0xa</size>
         <input_file_ref idref="fl-6"/>
      </object_component>
      <object_component id="oc-14c">
         <name>.text:XINT2_ISR</name>
         <load_address>0x80e58</load_address>
         <run_address>0x80e58</run_address>
         <size>0xa</size>
         <input_file_ref idref="fl-6"/>
      </object_component>
      <object_component id="oc-2e4">
         <name>.text:XINT3_ISR</name>
         <load_address>0x80e62</load_address>
         <run_address>0x80e62</run_address>
         <size>0xa</size>
         <input_file_ref idref="fl-6"/>
      </object_component>
      <object_component id="oc-2ea">
         <name>.text:XINT4_ISR</name>
         <load_address>0x80e6c</load_address>
         <run_address>0x80e6c</run_address>
         <size>0xa</size>
         <input_file_ref idref="fl-6"/>
      </object_component>
      <object_component id="oc-2f0">
         <name>.text:XINT5_ISR</name>
         <load_address>0x80e76</load_address>
         <run_address>0x80e76</run_address>
         <size>0xa</size>
         <input_file_ref idref="fl-6"/>
      </object_component>
      <object_component id="oc-573">
         <name>.text:SysIntOsc1Sel</name>
         <load_address>0x80e80</load_address>
         <run_address>0x80e80</run_address>
         <size>0x9</size>
         <input_file_ref idref="fl-d"/>
      </object_component>
      <object_component id="oc-63c">
         <name>.text</name>
         <load_address>0x80e89</load_address>
         <run_address>0x80e89</run_address>
         <size>0x9</size>
         <input_file_ref idref="fl-2a"/>
      </object_component>
      <object_component id="oc-a1">
         <name>.text:decompress:none</name>
         <load_address>0x80e92</load_address>
         <run_address>0x80e92</run_address>
         <size>0x8</size>
         <input_file_ref idref="fl-27"/>
      </object_component>
      <object_component id="oc-403">
         <name>.text</name>
         <load_address>0x80e9a</load_address>
         <run_address>0x80e9a</run_address>
         <size>0x8</size>
         <input_file_ref idref="fl-4"/>
      </object_component>
      <object_component id="oc-579">
         <name>.text:SysIntOsc2Sel</name>
         <load_address>0x80ea2</load_address>
         <run_address>0x80ea2</run_address>
         <size>0x7</size>
         <input_file_ref idref="fl-d"/>
      </object_component>
      <object_component id="oc-713">
         <name>.cinit..data.load</name>
         <load_address>0x80eb0</load_address>
         <run_address>0x80eb0</run_address>
         <size>0x16</size>
      </object_component>
      <object_component id="oc-710">
         <name>__TI_handler_table</name>
         <load_address>0x80ec6</load_address>
         <run_address>0x80ec6</run_address>
         <size>0x6</size>
      </object_component>
      <object_component id="oc-712">
         <name>.cinit..bss.load</name>
         <load_address>0x80ecc</load_address>
         <run_address>0x80ecc</run_address>
         <size>0x4</size>
      </object_component>
      <object_component id="oc-714">
         <name>.cinit.PieVectTableFile.load</name>
         <load_address>0x80ed0</load_address>
         <run_address>0x80ed0</run_address>
         <size>0x4</size>
      </object_component>
      <object_component id="oc-711">
         <name>__TI_cinit_table</name>
         <load_address>0x80ed4</load_address>
         <run_address>0x80ed4</run_address>
         <size>0xc</size>
      </object_component>
      <object_component id="oc-3ec">
         <name>.stack</name>
         <uninitialized>true</uninitialized>
         <run_address>0x400</run_address>
         <size>0x0</size>
         <input_file_ref idref="fl-20"/>
      </object_component>
      <object_component id="oc-715">
         <name>.stack</name>
         <uninitialized>true</uninitialized>
         <run_address>0x400</run_address>
         <size>0x0</size>
      </object_component>
      <object_component id="oc-409">
         <name>.bss</name>
         <uninitialized>true</uninitialized>
         <run_address>0xa900</run_address>
         <size>0x2</size>
         <input_file_ref idref="fl-2"/>
      </object_component>
      <object_component id="oc-418">
         <name>.bss:adcAResults</name>
         <uninitialized>true</uninitialized>
         <run_address>0xa800</run_address>
         <size>0x100</size>
         <input_file_ref idref="fl-2"/>
      </object_component>
      <object_component id="oc-c5">
         <name>.const</name>
         <load_address>0x80040</load_address>
         <run_address>0x80040</run_address>
         <size>0x1c0</size>
         <input_file_ref idref="fl-c"/>
      </object_component>
      <object_component id="oc-40f">
         <name>.data</name>
         <load_address>0xa902</load_address>
         <run_address>0xa902</run_address>
         <size>0xc</size>
         <input_file_ref idref="fl-2"/>
      </object_component>
      <object_component id="oc-5eb">
         <name>.data</name>
         <load_address>0xa90e</load_address>
         <run_address>0xa90e</run_address>
         <size>0x6</size>
         <input_file_ref idref="fl-29"/>
      </object_component>
      <object_component id="oc-5ee">
         <name>.data:_lock</name>
         <load_address>0xa914</load_address>
         <run_address>0xa914</run_address>
         <size>0x2</size>
         <input_file_ref idref="fl-2a"/>
      </object_component>
      <object_component id="oc-655">
         <name>.data:_unlock</name>
         <load_address>0xa916</load_address>
         <run_address>0xa916</run_address>
         <size>0x2</size>
         <input_file_ref idref="fl-2a"/>
      </object_component>
      <object_component id="oc-50c">
         <name>.TI.ramfunc:InitFlash</name>
         <load_address>0x80008</load_address>
         <run_address>0x8000</run_address>
         <size>0x1f</size>
         <input_file_ref idref="fl-d"/>
      </object_component>
      <object_component id="oc-531">
         <name>.TI.ramfunc</name>
         <load_address>0x80027</load_address>
         <run_address>0x801f</run_address>
         <size>0x4</size>
         <input_file_ref idref="fl-f"/>
      </object_component>
      <object_component id="oc-44c">
         <name>PieVectTableFile</name>
         <uninitialized>true</uninitialized>
         <run_address>0xd00</run_address>
         <size>0x1c0</size>
         <input_file_ref idref="fl-9"/>
      </object_component>
      <object_component id="oc-5a3">
         <name>AdccRegsFile</name>
         <uninitialized>true</uninitialized>
         <run_address>0x6a00</run_address>
         <size>0x14a</size>
         <input_file_ref idref="fl-9"/>
      </object_component>
      <object_component id="oc-5a6">
         <name>AdcdRegsFile</name>
         <uninitialized>true</uninitialized>
         <run_address>0x6c00</run_address>
         <size>0x14a</size>
         <input_file_ref idref="fl-9"/>
      </object_component>
      <object_component id="oc-5a9">
         <name>AdceRegsFile</name>
         <uninitialized>true</uninitialized>
         <run_address>0x6e00</run_address>
         <size>0x14a</size>
         <input_file_ref idref="fl-9"/>
      </object_component>
      <object_component id="oc-412">
         <name>AdcaRegsFile</name>
         <uninitialized>true</uninitialized>
         <run_address>0x7400</run_address>
         <size>0x14a</size>
         <input_file_ref idref="fl-9"/>
      </object_component>
      <object_component id="oc-5a0">
         <name>AdcbRegsFile</name>
         <uninitialized>true</uninitialized>
         <run_address>0x7600</run_address>
         <size>0x14a</size>
         <input_file_ref idref="fl-9"/>
      </object_component>
      <object_component id="oc-40c">
         <name>AdcaResultRegsFile</name>
         <uninitialized>true</uninitialized>
         <run_address>0x1800</run_address>
         <size>0x58</size>
         <input_file_ref idref="fl-9"/>
      </object_component>
      <object_component id="oc-5ac">
         <name>AnalogSubsysRegsFile</name>
         <uninitialized>true</uninitialized>
         <run_address>0x5d700</run_address>
         <size>0x13a</size>
         <input_file_ref idref="fl-9"/>
      </object_component>
      <object_component id="oc-570">
         <name>ClkCfgRegsFile</name>
         <uninitialized>true</uninitialized>
         <run_address>0x5d200</run_address>
         <size>0x3e</size>
         <input_file_ref idref="fl-9"/>
      </object_component>
      <object_component id="oc-44f">
         <name>CpuSysRegsFile</name>
         <uninitialized>true</uninitialized>
         <run_address>0x5d300</run_address>
         <size>0xb0</size>
         <input_file_ref idref="fl-9"/>
      </object_component>
      <object_component id="oc-605">
         <name>Dcc0RegsFile</name>
         <uninitialized>true</uninitialized>
         <run_address>0x5e700</run_address>
         <size>0x2c</size>
         <input_file_ref idref="fl-9"/>
      </object_component>
      <object_component id="oc-608">
         <name>Dcc1RegsFile</name>
         <uninitialized>true</uninitialized>
         <run_address>0x5e740</run_address>
         <size>0x2c</size>
         <input_file_ref idref="fl-9"/>
      </object_component>
      <object_component id="oc-537">
         <name>EPwm7RegsFile</name>
         <uninitialized>true</uninitialized>
         <run_address>0x4600</run_address>
         <size>0x100</size>
         <input_file_ref idref="fl-9"/>
      </object_component>
      <object_component id="oc-569">
         <name>Flash0CtrlRegsFile</name>
         <uninitialized>true</uninitialized>
         <run_address>0x5f800</run_address>
         <size>0x182</size>
         <input_file_ref idref="fl-9"/>
      </object_component>
      <object_component id="oc-56c">
         <name>Flash0EccRegsFile</name>
         <uninitialized>true</uninitialized>
         <run_address>0x5fb00</run_address>
         <size>0x22</size>
         <input_file_ref idref="fl-9"/>
      </object_component>
      <object_component id="oc-520">
         <name>GpioCtrlRegsFile</name>
         <uninitialized>true</uninitialized>
         <run_address>0x7c00</run_address>
         <size>0x200</size>
         <input_file_ref idref="fl-9"/>
      </object_component>
      <object_component id="oc-523">
         <name>GpioDataRegsFile</name>
         <uninitialized>true</uninitialized>
         <run_address>0x7f00</run_address>
         <size>0x40</size>
         <input_file_ref idref="fl-9"/>
      </object_component>
      <object_component id="oc-415">
         <name>PieCtrlRegsFile</name>
         <uninitialized>true</uninitialized>
         <run_address>0xce0</run_address>
         <size>0x1a</size>
         <input_file_ref idref="fl-9"/>
      </object_component>
      <object_component id="oc-565">
         <name>WdRegsFile</name>
         <uninitialized>true</uninitialized>
         <run_address>0x7000</run_address>
         <size>0x2b</size>
         <input_file_ref idref="fl-9"/>
      </object_component>
      <object_component id="oc-421">
         <name>.debug_types</name>
         <load_address>0x0</load_address>
         <run_address>0x0</run_address>
         <size>0x28439</size>
         <input_file_ref idref="fl-2"/>
      </object_component>
      <object_component id="oc-5b0">
         <name>.debug_types</name>
         <load_address>0x28439</load_address>
         <run_address>0x28439</run_address>
         <size>0x2e39</size>
         <input_file_ref idref="fl-3"/>
      </object_component>
      <object_component id="oc-454">
         <name>.debug_types</name>
         <load_address>0x0</load_address>
         <run_address>0x0</run_address>
         <size>0x0</size>
         <input_file_ref idref="fl-6"/>
      </object_component>
      <object_component id="oc-4f9">
         <name>.debug_types</name>
         <load_address>0x2b272</load_address>
         <run_address>0x2b272</run_address>
         <size>0x52c7c</size>
         <input_file_ref idref="fl-9"/>
      </object_component>
      <object_component id="oc-527">
         <name>.debug_types</name>
         <load_address>0x7deee</load_address>
         <run_address>0x7deee</run_address>
         <size>0x5a</size>
         <input_file_ref idref="fl-a"/>
      </object_component>
      <object_component id="oc-529">
         <name>.debug_types</name>
         <load_address>0x0</load_address>
         <run_address>0x0</run_address>
         <size>0x0</size>
         <input_file_ref idref="fl-b"/>
      </object_component>
      <object_component id="oc-457">
         <name>.debug_types</name>
         <load_address>0x7df48</load_address>
         <run_address>0x7df48</run_address>
         <size>0x5a</size>
         <input_file_ref idref="fl-c"/>
      </object_component>
      <object_component id="oc-51f">
         <name>.debug_types</name>
         <load_address>0x7dfa2</load_address>
         <run_address>0x7dfa2</run_address>
         <size>0x5a</size>
         <input_file_ref idref="fl-d"/>
      </object_component>
      <object_component id="oc-4e2">
         <name>.debug_types</name>
         <load_address>0x7dffc</load_address>
         <run_address>0x7dffc</run_address>
         <size>0x142</size>
         <input_file_ref idref="fl-23"/>
      </object_component>
      <object_component id="oc-5b8">
         <name>.debug_types</name>
         <load_address>0x0</load_address>
         <run_address>0x0</run_address>
         <size>0x0</size>
         <input_file_ref idref="fl-24"/>
      </object_component>
      <object_component id="oc-629">
         <name>.debug_types</name>
         <load_address>0x7e13e</load_address>
         <run_address>0x7e13e</run_address>
         <size>0x49b</size>
         <input_file_ref idref="fl-25"/>
      </object_component>
      <object_component id="oc-4e7">
         <name>.debug_types</name>
         <load_address>0x7e5d9</load_address>
         <run_address>0x7e5d9</run_address>
         <size>0x194</size>
         <input_file_ref idref="fl-26"/>
      </object_component>
      <object_component id="oc-3f6">
         <name>.debug_types</name>
         <load_address>0x0</load_address>
         <run_address>0x0</run_address>
         <size>0x0</size>
         <input_file_ref idref="fl-27"/>
      </object_component>
      <object_component id="oc-3ee">
         <name>.debug_types</name>
         <load_address>0x7e76d</load_address>
         <run_address>0x7e76d</run_address>
         <size>0x191</size>
         <input_file_ref idref="fl-28"/>
      </object_component>
      <object_component id="oc-5f2">
         <name>.debug_types</name>
         <load_address>0x7e8fe</load_address>
         <run_address>0x7e8fe</run_address>
         <size>0xbf</size>
         <input_file_ref idref="fl-29"/>
      </object_component>
      <object_component id="oc-644">
         <name>.debug_types</name>
         <load_address>0x7e9bd</load_address>
         <run_address>0x7e9bd</run_address>
         <size>0x2f</size>
         <input_file_ref idref="fl-2a"/>
      </object_component>
      <object_component id="oc-5ea">
         <name>.debug_types</name>
         <load_address>0x7e9ec</load_address>
         <run_address>0x7e9ec</run_address>
         <size>0xe1</size>
         <input_file_ref idref="fl-2b"/>
      </object_component>
      <object_component id="oc-64f">
         <name>.debug_types</name>
         <load_address>0x0</load_address>
         <run_address>0x0</run_address>
         <size>0x0</size>
         <input_file_ref idref="fl-2e"/>
      </object_component>
      <object_component id="oc-40a">
         <name>.debug_info</name>
         <load_address>0x0</load_address>
         <run_address>0x0</run_address>
         <size>0x107</size>
         <input_file_ref idref="fl-2"/>
      </object_component>
      <object_component id="oc-410">
         <name>.debug_info</name>
         <load_address>0x107</load_address>
         <run_address>0x107</run_address>
         <size>0x165</size>
         <input_file_ref idref="fl-2"/>
      </object_component>
      <object_component id="oc-419">
         <name>.debug_info</name>
         <load_address>0x26c</load_address>
         <run_address>0x26c</run_address>
         <size>0xeb</size>
         <input_file_ref idref="fl-2"/>
      </object_component>
      <object_component id="oc-bc">
         <name>.debug_info</name>
         <load_address>0x357</load_address>
         <run_address>0x357</run_address>
         <size>0x16e</size>
         <input_file_ref idref="fl-2"/>
      </object_component>
      <object_component id="oc-43c">
         <name>.debug_info</name>
         <load_address>0x4c5</load_address>
         <run_address>0x4c5</run_address>
         <size>0x127</size>
         <input_file_ref idref="fl-2"/>
      </object_component>
      <object_component id="oc-443">
         <name>.debug_info</name>
         <load_address>0x5ec</load_address>
         <run_address>0x5ec</run_address>
         <size>0x10b</size>
         <input_file_ref idref="fl-2"/>
      </object_component>
      <object_component id="oc-448">
         <name>.debug_info</name>
         <load_address>0x6f7</load_address>
         <run_address>0x6f7</run_address>
         <size>0x110</size>
         <input_file_ref idref="fl-2"/>
      </object_component>
      <object_component id="oc-b6">
         <name>.debug_info</name>
         <load_address>0x807</load_address>
         <run_address>0x807</run_address>
         <size>0x134</size>
         <input_file_ref idref="fl-2"/>
      </object_component>
      <object_component id="oc-52f">
         <name>.debug_info</name>
         <load_address>0x93b</load_address>
         <run_address>0x93b</run_address>
         <size>0x176</size>
         <input_file_ref idref="fl-3"/>
      </object_component>
      <object_component id="oc-aa">
         <name>.debug_info</name>
         <load_address>0xab1</load_address>
         <run_address>0xab1</run_address>
         <size>0xf7</size>
         <input_file_ref idref="fl-4"/>
      </object_component>
      <object_component id="oc-406">
         <name>.debug_info</name>
         <load_address>0xba8</load_address>
         <run_address>0xba8</run_address>
         <size>0xf8</size>
         <input_file_ref idref="fl-4"/>
      </object_component>
      <object_component id="oc-c0">
         <name>.debug_info</name>
         <load_address>0xca0</load_address>
         <run_address>0xca0</run_address>
         <size>0x108</size>
         <input_file_ref idref="fl-6"/>
      </object_component>
      <object_component id="oc-c9">
         <name>.debug_info</name>
         <load_address>0xda8</load_address>
         <run_address>0xda8</run_address>
         <size>0x108</size>
         <input_file_ref idref="fl-6"/>
      </object_component>
      <object_component id="oc-cf">
         <name>.debug_info</name>
         <load_address>0xeb0</load_address>
         <run_address>0xeb0</run_address>
         <size>0x10a</size>
         <input_file_ref idref="fl-6"/>
      </object_component>
      <object_component id="oc-d5">
         <name>.debug_info</name>
         <load_address>0xfba</load_address>
         <run_address>0xfba</run_address>
         <size>0x104</size>
         <input_file_ref idref="fl-6"/>
      </object_component>
      <object_component id="oc-db">
         <name>.debug_info</name>
         <load_address>0x10be</load_address>
         <run_address>0x10be</run_address>
         <size>0x102</size>
         <input_file_ref idref="fl-6"/>
      </object_component>
      <object_component id="oc-e1">
         <name>.debug_info</name>
         <load_address>0x11c0</load_address>
         <run_address>0x11c0</run_address>
         <size>0x102</size>
         <input_file_ref idref="fl-6"/>
      </object_component>
      <object_component id="oc-e7">
         <name>.debug_info</name>
         <load_address>0x12c2</load_address>
         <run_address>0x12c2</run_address>
         <size>0x10a</size>
         <input_file_ref idref="fl-6"/>
      </object_component>
      <object_component id="oc-ed">
         <name>.debug_info</name>
         <load_address>0x13cc</load_address>
         <run_address>0x13cc</run_address>
         <size>0x106</size>
         <input_file_ref idref="fl-6"/>
      </object_component>
      <object_component id="oc-f3">
         <name>.debug_info</name>
         <load_address>0x14d2</load_address>
         <run_address>0x14d2</run_address>
         <size>0x106</size>
         <input_file_ref idref="fl-6"/>
      </object_component>
      <object_component id="oc-f9">
         <name>.debug_info</name>
         <load_address>0x15d8</load_address>
         <run_address>0x15d8</run_address>
         <size>0x106</size>
         <input_file_ref idref="fl-6"/>
      </object_component>
      <object_component id="oc-ff">
         <name>.debug_info</name>
         <load_address>0x16de</load_address>
         <run_address>0x16de</run_address>
         <size>0x106</size>
         <input_file_ref idref="fl-6"/>
      </object_component>
      <object_component id="oc-105">
         <name>.debug_info</name>
         <load_address>0x17e4</load_address>
         <run_address>0x17e4</run_address>
         <size>0x106</size>
         <input_file_ref idref="fl-6"/>
      </object_component>
      <object_component id="oc-10b">
         <name>.debug_info</name>
         <load_address>0x18ea</load_address>
         <run_address>0x18ea</run_address>
         <size>0x108</size>
         <input_file_ref idref="fl-6"/>
      </object_component>
      <object_component id="oc-111">
         <name>.debug_info</name>
         <load_address>0x19f2</load_address>
         <run_address>0x19f2</run_address>
         <size>0x108</size>
         <input_file_ref idref="fl-6"/>
      </object_component>
      <object_component id="oc-117">
         <name>.debug_info</name>
         <load_address>0x1afa</load_address>
         <run_address>0x1afa</run_address>
         <size>0x108</size>
         <input_file_ref idref="fl-6"/>
      </object_component>
      <object_component id="oc-11d">
         <name>.debug_info</name>
         <load_address>0x1c02</load_address>
         <run_address>0x1c02</run_address>
         <size>0x108</size>
         <input_file_ref idref="fl-6"/>
      </object_component>
      <object_component id="oc-123">
         <name>.debug_info</name>
         <load_address>0x1d0a</load_address>
         <run_address>0x1d0a</run_address>
         <size>0x10a</size>
         <input_file_ref idref="fl-6"/>
      </object_component>
      <object_component id="oc-129">
         <name>.debug_info</name>
         <load_address>0x1e14</load_address>
         <run_address>0x1e14</run_address>
         <size>0x10a</size>
         <input_file_ref idref="fl-6"/>
      </object_component>
      <object_component id="oc-12f">
         <name>.debug_info</name>
         <load_address>0x1f1e</load_address>
         <run_address>0x1f1e</run_address>
         <size>0x10a</size>
         <input_file_ref idref="fl-6"/>
      </object_component>
      <object_component id="oc-135">
         <name>.debug_info</name>
         <load_address>0x2028</load_address>
         <run_address>0x2028</run_address>
         <size>0x108</size>
         <input_file_ref idref="fl-6"/>
      </object_component>
      <object_component id="oc-13b">
         <name>.debug_info</name>
         <load_address>0x2130</load_address>
         <run_address>0x2130</run_address>
         <size>0x108</size>
         <input_file_ref idref="fl-6"/>
      </object_component>
      <object_component id="oc-141">
         <name>.debug_info</name>
         <load_address>0x2238</load_address>
         <run_address>0x2238</run_address>
         <size>0x108</size>
         <input_file_ref idref="fl-6"/>
      </object_component>
      <object_component id="oc-147">
         <name>.debug_info</name>
         <load_address>0x2340</load_address>
         <run_address>0x2340</run_address>
         <size>0x108</size>
         <input_file_ref idref="fl-6"/>
      </object_component>
      <object_component id="oc-14d">
         <name>.debug_info</name>
         <load_address>0x2448</load_address>
         <run_address>0x2448</run_address>
         <size>0x108</size>
         <input_file_ref idref="fl-6"/>
      </object_component>
      <object_component id="oc-153">
         <name>.debug_info</name>
         <load_address>0x2550</load_address>
         <run_address>0x2550</run_address>
         <size>0x10c</size>
         <input_file_ref idref="fl-6"/>
      </object_component>
      <object_component id="oc-159">
         <name>.debug_info</name>
         <load_address>0x265c</load_address>
         <run_address>0x265c</run_address>
         <size>0x10a</size>
         <input_file_ref idref="fl-6"/>
      </object_component>
      <object_component id="oc-15f">
         <name>.debug_info</name>
         <load_address>0x2766</load_address>
         <run_address>0x2766</run_address>
         <size>0x106</size>
         <input_file_ref idref="fl-6"/>
      </object_component>
      <object_component id="oc-165">
         <name>.debug_info</name>
         <load_address>0x286c</load_address>
         <run_address>0x286c</run_address>
         <size>0x10e</size>
         <input_file_ref idref="fl-6"/>
      </object_component>
      <object_component id="oc-16b">
         <name>.debug_info</name>
         <load_address>0x297a</load_address>
         <run_address>0x297a</run_address>
         <size>0x10e</size>
         <input_file_ref idref="fl-6"/>
      </object_component>
      <object_component id="oc-171">
         <name>.debug_info</name>
         <load_address>0x2a88</load_address>
         <run_address>0x2a88</run_address>
         <size>0x10e</size>
         <input_file_ref idref="fl-6"/>
      </object_component>
      <object_component id="oc-177">
         <name>.debug_info</name>
         <load_address>0x2b96</load_address>
         <run_address>0x2b96</run_address>
         <size>0x10e</size>
         <input_file_ref idref="fl-6"/>
      </object_component>
      <object_component id="oc-17d">
         <name>.debug_info</name>
         <load_address>0x2ca4</load_address>
         <run_address>0x2ca4</run_address>
         <size>0x10e</size>
         <input_file_ref idref="fl-6"/>
      </object_component>
      <object_component id="oc-183">
         <name>.debug_info</name>
         <load_address>0x2db2</load_address>
         <run_address>0x2db2</run_address>
         <size>0x10e</size>
         <input_file_ref idref="fl-6"/>
      </object_component>
      <object_component id="oc-189">
         <name>.debug_info</name>
         <load_address>0x2ec0</load_address>
         <run_address>0x2ec0</run_address>
         <size>0x10e</size>
         <input_file_ref idref="fl-6"/>
      </object_component>
      <object_component id="oc-18f">
         <name>.debug_info</name>
         <load_address>0x2fce</load_address>
         <run_address>0x2fce</run_address>
         <size>0x10e</size>
         <input_file_ref idref="fl-6"/>
      </object_component>
      <object_component id="oc-195">
         <name>.debug_info</name>
         <load_address>0x30dc</load_address>
         <run_address>0x30dc</run_address>
         <size>0x108</size>
         <input_file_ref idref="fl-6"/>
      </object_component>
      <object_component id="oc-19b">
         <name>.debug_info</name>
         <load_address>0x31e4</load_address>
         <run_address>0x31e4</run_address>
         <size>0x108</size>
         <input_file_ref idref="fl-6"/>
      </object_component>
      <object_component id="oc-1a1">
         <name>.debug_info</name>
         <load_address>0x32ec</load_address>
         <run_address>0x32ec</run_address>
         <size>0x108</size>
         <input_file_ref idref="fl-6"/>
      </object_component>
      <object_component id="oc-1a7">
         <name>.debug_info</name>
         <load_address>0x33f4</load_address>
         <run_address>0x33f4</run_address>
         <size>0x108</size>
         <input_file_ref idref="fl-6"/>
      </object_component>
      <object_component id="oc-1ad">
         <name>.debug_info</name>
         <load_address>0x34fc</load_address>
         <run_address>0x34fc</run_address>
         <size>0x108</size>
         <input_file_ref idref="fl-6"/>
      </object_component>
      <object_component id="oc-1b3">
         <name>.debug_info</name>
         <load_address>0x3604</load_address>
         <run_address>0x3604</run_address>
         <size>0x108</size>
         <input_file_ref idref="fl-6"/>
      </object_component>
      <object_component id="oc-1b9">
         <name>.debug_info</name>
         <load_address>0x370c</load_address>
         <run_address>0x370c</run_address>
         <size>0x108</size>
         <input_file_ref idref="fl-6"/>
      </object_component>
      <object_component id="oc-1bf">
         <name>.debug_info</name>
         <load_address>0x3814</load_address>
         <run_address>0x3814</run_address>
         <size>0x108</size>
         <input_file_ref idref="fl-6"/>
      </object_component>
      <object_component id="oc-1c5">
         <name>.debug_info</name>
         <load_address>0x391c</load_address>
         <run_address>0x391c</run_address>
         <size>0x108</size>
         <input_file_ref idref="fl-6"/>
      </object_component>
      <object_component id="oc-1cb">
         <name>.debug_info</name>
         <load_address>0x3a24</load_address>
[...]
      </symbol>
      <symbol id="sm-59d">
         <name>SCIA_RX_ISR</name>
         <value>0x80d2c</value>
         <object_component_ref idref="oc-260"/>
      </symbol>
      <symbol id="sm-59e">
         <name>SCIA_TX_ISR</name>
         <value>0x80d36</value>
         <object_component_ref idref="oc-266"/>
      </symbol>
      <symbol id="sm-59f">
         <name>MCANB_0_ISR</name>
         <value>0x80cd2</value>
         <object_component_ref idref="oc-36e"/>
      </symbol>
      <symbol id="sm-5a0">
         <name>CLB2_ISR</name>
         <value>0x80aa2</value>
         <object_component_ref idref="oc-1e8"/>
      </symbol>
      <symbol id="sm-5a1">
         <name>ADCE4_ISR</name>
         <value>0x80a2a</value>
         <object_component_ref idref="oc-3ce"/>
      </symbol>
      <symbol id="sm-5a2">
         <name>ADCD4_ISR</name>
         <value>0x809f8</value>
         <object_component_ref idref="oc-3b6"/>
      </symbol>
      <symbol id="sm-5a3">
         <name>ECAP1_ISR</name>
         <value>0x80b06</value>
         <object_component_ref idref="oc-1c4"/>
      </symbol>
      <symbol id="sm-5a4">
         <name>ADCA4_ISR</name>
         <value>0x80962</value>
         <object_component_ref idref="oc-296"/>
      </symbol>
      <symbol id="sm-5a5">
         <name>ADCC4_ISR</name>
         <value>0x809c6</value>
         <object_component_ref idref="oc-39e"/>
      </symbol>
      <symbol id="sm-5a6">
         <name>ADCB4_ISR</name>
         <value>0x80994</value>
         <object_component_ref idref="oc-2ae"/>
      </symbol>
      <symbol id="sm-5a7">
         <name>FSITXA2_ISR</name>
         <value>0x80c5a</value>
         <object_component_ref idref="oc-350"/>
      </symbol>
      <symbol id="sm-5a8">
         <name>EPWM7_ISR</name>
         <value>0x80bd8</value>
         <object_component_ref idref="oc-1b8"/>
      </symbol>
      <symbol id="sm-5a9">
         <name>EPWM9_ISR</name>
         <value>0x80c00</value>
         <object_component_ref idref="oc-332"/>
      </symbol>
      <symbol id="sm-5aa">
         <name>USER10_ISR</name>
         <value>0x80dc2</value>
         <object_component_ref idref="oc-122"/>
      </symbol>
      <symbol id="sm-5ab">
         <name>XINT1_ISR</name>
         <value>0x80e4e</value>
         <object_component_ref idref="oc-146"/>
      </symbol>
      <symbol id="sm-5ac">
         <name>USER7_ISR</name>
         <value>0x80e1c</value>
         <object_component_ref idref="oc-110"/>
      </symbol>
      <symbol id="sm-5ad">
         <name>CLA1_1_ISR</name>
         <value>0x80a48</value>
         <object_component_ref idref="oc-2b4"/>
      </symbol>
      <symbol id="sm-5ae">
         <name>MCANA_WAKE_ISR</name>
         <value>0x80cc8</value>
         <object_component_ref idref="oc-302"/>
      </symbol>
      <symbol id="sm-5af">
         <name>USER9_ISR</name>
         <value>0x80e30</value>
         <object_component_ref idref="oc-11c"/>
      </symbol>
      <symbol id="sm-5b0">
         <name>MCANB_1_ISR</name>
         <value>0x80cdc</value>
         <object_component_ref idref="oc-374"/>
      </symbol>
      <symbol id="sm-5b1">
         <name>ECAP2_ISR</name>
         <value>0x80b10</value>
         <object_component_ref idref="oc-1ca"/>
      </symbol>
      <symbol id="sm-5b2">
         <name>EPWM5_TZ_ISR</name>
         <value>0x80bba</value>
         <object_component_ref idref="oc-17c"/>
      </symbol>
      <symbol id="sm-5b3">
         <name>FLSS_ISR</name>
         <value>0x80c32</value>
         <object_component_ref idref="oc-2f6"/>
      </symbol>
      <symbol id="sm-5b4">
         <name>I2CB_FIFO_ISR</name>
         <value>0x80c78</value>
         <object_component_ref idref="oc-24e"/>
      </symbol>
      <symbol id="sm-5b5">
         <name>DMA_CH1_ISR</name>
         <value>0x80aca</value>
         <object_component_ref idref="oc-212"/>
      </symbol>
      <symbol id="sm-5b6">
         <name>CLA1_8_ISR</name>
         <value>0x80a8e</value>
         <object_component_ref idref="oc-2de"/>
      </symbol>
      <symbol id="sm-5b7">
         <name>USER6_ISR</name>
         <value>0x80e12</value>
         <object_component_ref idref="oc-10a"/>
      </symbol>
      <symbol id="sm-5b8">
         <name>CLA1_2_ISR</name>
         <value>0x80a52</value>
         <object_component_ref idref="oc-2ba"/>
      </symbol>
      <symbol id="sm-5b9">
         <name>USER8_ISR</name>
         <value>0x80e26</value>
         <object_component_ref idref="oc-116"/>
      </symbol>
      <symbol id="sm-5ba">
         <name>SPIB_RX_ISR</name>
         <value>0x80d7c</value>
         <object_component_ref idref="oc-1fa"/>
      </symbol>
      <symbol id="sm-5bb">
         <name>SPIB_TX_ISR</name>
         <value>0x80d86</value>
         <object_component_ref idref="oc-200"/>
      </symbol>
      <symbol id="sm-5bc">
         <name>EPWM1_ISR</name>
         <value>0x80b60</value>
         <object_component_ref idref="oc-194"/>
      </symbol>
      <symbol id="sm-5bd">
         <name>DMA_CH2_ISR</name>
         <value>0x80ad4</value>
         <object_component_ref idref="oc-218"/>
      </symbol>
      <symbol id="sm-5be">
         <name>USER12_ISR</name>
         <value>0x80dd6</value>
         <object_component_ref idref="oc-12e"/>
      </symbol>
      <symbol id="sm-5bf">
         <name>MCANB_WAKE_ISR</name>
         <value>0x80cf0</value>
         <object_component_ref idref="oc-37a"/>
      </symbol>
      <symbol id="sm-5c0">
         <name>XINT3_ISR</name>
         <value>0x80e62</value>
         <object_component_ref idref="oc-2e4"/>
      </symbol>
      <symbol id="sm-5c1">
         <name>USER1_ISR</name>
         <value>0x80de0</value>
         <object_component_ref idref="oc-ec"/>
      </symbol>
      <symbol id="sm-5c2">
         <name>CLA1_3_ISR</name>
         <value>0x80a5c</value>
         <object_component_ref idref="oc-2c0"/>
      </symbol>
      <symbol id="sm-5c3">
         <name>I2CA_ISR</name>
         <value>0x80c6e</value>
         <object_component_ref idref="oc-23c"/>
      </symbol>
      <symbol id="sm-5c4">
         <name>FSIRXA1_ISR</name>
         <value>0x80c3c</value>
         <object_component_ref idref="oc-356"/>
      </symbol>
      <symbol id="sm-5c5">
         <name>EPWM1_TZ_ISR</name>
         <value>0x80b6a</value>
         <object_component_ref idref="oc-164"/>
      </symbol>
      <symbol id="sm-5c6">
         <name>I2CA_FIFO_ISR</name>
         <value>0x80c64</value>
         <object_component_ref idref="oc-242"/>
      </symbol>
      <symbol id="sm-5c7">
         <name>EPWM2_ISR</name>
         <value>0x80b74</value>
         <object_component_ref idref="oc-19a"/>
      </symbol>
      <symbol id="sm-5c8">
         <name>USBA_ISR</name>
         <value>0x80db8</value>
         <object_component_ref idref="oc-386"/>
      </symbol>
      <symbol id="sm-5c9">
         <name>ADCD_EVT_ISR</name>
         <value>0x80a02</value>
         <object_component_ref idref="oc-3a4"/>
      </symbol>
      <symbol id="sm-5ca">
         <name>DMA_CH3_ISR</name>
         <value>0x80ade</value>
         <object_component_ref idref="oc-21e"/>
      </symbol>
      <symbol id="sm-5cb">
         <name>MCANB_ECC_ISR</name>
         <value>0x80ce6</value>
         <object_component_ref idref="oc-380"/>
      </symbol>
      <symbol id="sm-5cc">
         <name>ADCC_EVT_ISR</name>
         <value>0x809d0</value>
         <object_component_ref idref="oc-38c"/>
      </symbol>
      <symbol id="sm-5cd">
         <name>EPWM11_ISR</name>
         <value>0x80b38</value>
         <object_component_ref idref="oc-33e"/>
      </symbol>
      <symbol id="sm-5ce">
         <name>DATALOG_ISR</name>
         <value>0x80aac</value>
         <object_component_ref idref="oc-ce"/>
      </symbol>
      <symbol id="sm-5cf">
         <name>XINT2_ISR</name>
         <value>0x80e58</value>
         <object_component_ref idref="oc-14c"/>
      </symbol>
      <symbol id="sm-5d0">
         <name>MCANA_0_ISR</name>
         <value>0x80caa</value>
         <object_component_ref idref="oc-278"/>
      </symbol>
      <symbol id="sm-5d1">
         <name>AES_SINTREQUEST_ISR</name>
         <value>0x80a3e</value>
         <object_component_ref idref="oc-3d4"/>
      </symbol>
      <symbol id="sm-5d2">
         <name>PIE_RESERVED_ISR</name>
         <value>0x80d0e</value>
         <object_component_ref idref="oc-3da"/>
      </symbol>
      <symbol id="sm-5d3">
         <name>SCIB_RX_ISR</name>
         <value>0x80d40</value>
         <object_component_ref idref="oc-26c"/>
      </symbol>
      <symbol id="sm-5d4">
         <name>SCIB_TX_ISR</name>
         <value>0x80d4a</value>
         <object_component_ref idref="oc-272"/>
      </symbol>
      <symbol id="sm-5d5">
         <name>I2CB_ISR</name>
         <value>0x80c82</value>
         <object_component_ref idref="oc-248"/>
      </symbol>
      <symbol id="sm-5d6">
         <name>FSIRXA2_ISR</name>
         <value>0x80c46</value>
         <object_component_ref idref="oc-35c"/>
      </symbol>
      <symbol id="sm-5d7">
         <name>EPWM12_TZ_ISR</name>
         <value>0x80b56</value>
         <object_component_ref idref="oc-32c"/>
      </symbol>
      <symbol id="sm-5d8">
         <name>ILLEGAL_ISR</name>
         <value>0x80c8c</value>
         <object_component_ref idref="oc-e6"/>
      </symbol>
      <symbol id="sm-5d9">
         <name>EPWM3_ISR</name>
         <value>0x80b88</value>
         <object_component_ref idref="oc-1a0"/>
      </symbol>
      <symbol id="sm-5da">
         <name>TIMER0_ISR</name>
         <value>0x80d9a</value>
         <object_component_ref idref="oc-158"/>
      </symbol>
      <symbol id="sm-5db">
         <name>EPWM10_ISR</name>
         <value>0x80b24</value>
         <object_component_ref idref="oc-338"/>
      </symbol>
      <symbol id="sm-5dc">
         <name>USER3_ISR</name>
         <value>0x80df4</value>
         <object_component_ref idref="oc-f8"/>
      </symbol>
      <symbol id="sm-5dd">
         <name>MCANA_1_ISR</name>
         <value>0x80cb4</value>
         <object_component_ref idref="oc-27e"/>
      </symbol>
      <symbol id="sm-644">
         <name>AdcbRegs</name>
         <value>0x7600</value>
         <object_component_ref idref="oc-5a0"/>
      </symbol>
      <symbol id="sm-645">
         <name>AdccRegs</name>
         <value>0x6a00</value>
         <object_component_ref idref="oc-5a3"/>
      </symbol>
      <symbol id="sm-646">
         <name>ClkCfgRegs</name>
         <value>0x5d200</value>
         <object_component_ref idref="oc-570"/>
      </symbol>
      <symbol id="sm-647">
         <name>AdcdRegs</name>
         <value>0x6c00</value>
         <object_component_ref idref="oc-5a6"/>
      </symbol>
      <symbol id="sm-648">
         <name>AdceRegs</name>
         <value>0x6e00</value>
         <object_component_ref idref="oc-5a9"/>
      </symbol>
      <symbol id="sm-649">
         <name>PieVectTable</name>
         <value>0xd00</value>
         <object_component_ref idref="oc-44c"/>
      </symbol>
      <symbol id="sm-64a">
         <name>GpioCtrlRegs</name>
         <value>0x7c00</value>
         <object_component_ref idref="oc-520"/>
      </symbol>
      <symbol id="sm-64b">
         <name>Dcc0Regs</name>
         <value>0x5e700</value>
         <object_component_ref idref="oc-605"/>
      </symbol>
      <symbol id="sm-64c">
         <name>CpuSysRegs</name>
         <value>0x5d300</value>
         <object_component_ref idref="oc-44f"/>
      </symbol>
      <symbol id="sm-64d">
         <name>Dcc1Regs</name>
         <value>0x5e740</value>
         <object_component_ref idref="oc-608"/>
      </symbol>
      <symbol id="sm-64e">
         <name>Flash0CtrlRegs</name>
         <value>0x5f800</value>
         <object_component_ref idref="oc-569"/>
      </symbol>
      <symbol id="sm-64f">
         <name>Flash0EccRegs</name>
         <value>0x5fb00</value>
         <object_component_ref idref="oc-56c"/>
      </symbol>
      <symbol id="sm-650">
         <name>EPwm7Regs</name>
         <value>0x4600</value>
         <object_component_ref idref="oc-537"/>
      </symbol>
      <symbol id="sm-651">
         <name>AdcaResultRegs</name>
         <value>0x1800</value>
         <object_component_ref idref="oc-40c"/>
      </symbol>
      <symbol id="sm-652">
         <name>PieCtrlRegs</name>
         <value>0xce0</value>
         <object_component_ref idref="oc-415"/>
      </symbol>
      <symbol id="sm-653">
         <name>WdRegs</name>
         <value>0x7000</value>
         <object_component_ref idref="oc-565"/>
      </symbol>
      <symbol id="sm-654">
         <name>GpioDataRegs</name>
         <value>0x7f00</value>
         <object_component_ref idref="oc-523"/>
      </symbol>
      <symbol id="sm-655">
         <name>AnalogSubsysRegs</name>
         <value>0x5d700</value>
         <object_component_ref idref="oc-5ac"/>
      </symbol>
      <symbol id="sm-656">
         <name>AdcaRegs</name>
         <value>0x7400</value>
         <object_component_ref idref="oc-412"/>
      </symbol>
      <symbol id="sm-668">
         <name>InitGpio</name>
         <value>0x8070b</value>
         <object_component_ref idref="oc-428"/>
      </symbol>
      <symbol id="sm-675">
         <name>InitPieCtrl</name>
         <value>0x8084e</value>
         <object_component_ref idref="oc-42e"/>
      </symbol>
      <symbol id="sm-689">
         <name>InitPieVectTable</name>
         <value>0x80809</value>
         <object_component_ref idref="oc-434"/>
      </symbol>
      <symbol id="sm-68a">
         <name>PieVectTableInit</name>
         <value>0x80040</value>
         <object_component_ref idref="oc-c5"/>
      </symbol>
      <symbol id="sm-70e">
         <name>ComputeCntrSeedValue</name>
         <value>0x805c4</value>
         <object_component_ref idref="oc-60b"/>
      </symbol>
      <symbol id="sm-70f">
         <name>IsPLLValid</name>
         <value>0x80421</value>
         <object_component_ref idref="oc-58b"/>
      </symbol>
      <symbol id="sm-710">
         <name>InitPeripheralClocks</name>
         <value>0x80549</value>
         <object_component_ref idref="oc-518"/>
      </symbol>
      <symbol id="sm-711">
         <name>SysIntOsc1Sel</name>
         <value>0x80e80</value>
         <object_component_ref idref="oc-573"/>
      </symbol>
      <symbol id="sm-712">
         <name>SysXtalOscSel</name>
         <value>0x8082e</value>
         <object_component_ref idref="oc-57f"/>
      </symbol>
      <symbol id="sm-713">
         <name>SysXtalOscSESel</name>
         <value>0x808f5</value>
         <object_component_ref idref="oc-585"/>
      </symbol>
      <symbol id="sm-714">
         <name>InitSysCtrl</name>
         <value>0x8086d</value>
         <object_component_ref idref="oc-422"/>
      </symbol>
      <symbol id="sm-715">
         <name>InitFlash</name>
         <value>0x8000</value>
         <object_component_ref idref="oc-50c"/>
      </symbol>
      <symbol id="sm-716">
         <name>DisableDog</name>
         <value>0x80030</value>
         <object_component_ref idref="oc-506"/>
      </symbol>
      <symbol id="sm-717">
         <name>InitSysPll</name>
         <value>0x8033b</value>
         <object_component_ref idref="oc-512"/>
      </symbol>
      <symbol id="sm-718">
         <name>SysIntOsc2Sel</name>
         <value>0x80ea2</value>
         <object_component_ref idref="oc-579"/>
      </symbol>
      <symbol id="sm-721">
         <name>F28x_usDelay</name>
         <value>0x801f</value>
         <object_component_ref idref="oc-531"/>
      </symbol>
      <symbol id="sm-72b">
         <name>_c_int00</name>
         <value>0x808de</value>
         <object_component_ref idref="oc-4ef"/>
      </symbol>
      <symbol id="sm-72c">
         <name>__stack</name>
         <value>0x400</value>
         <object_component_ref idref="oc-3ec"/>
      </symbol>
      <symbol id="sm-739">
         <name>__c28xabi_divf</name>
         <value>0x804c1</value>
         <object_component_ref idref="oc-41b"/>
      </symbol>
      <symbol id="sm-74c">
         <name>memcpy</name>
         <value>0x8088b</value>
         <object_component_ref idref="oc-3ef"/>
      </symbol>
      <symbol id="sm-759">
         <name>_system_pre_init</name>
         <value>0x8003d</value>
         <object_component_ref idref="oc-54e"/>
      </symbol>
      <symbol id="sm-768">
         <name>__TI_auto_init_nobinit_nopinit</name>
         <value>0x807b5</value>
         <object_component_ref idref="oc-5b9"/>
      </symbol>
      <symbol id="sm-777">
         <name>__TI_zero_init_nomemset</name>
         <value>0x8092b</value>
         <object_component_ref idref="oc-3f7"/>
      </symbol>
      <symbol id="sm-784">
         <name>__TI_decompress_none</name>
         <value>0x80e92</value>
         <object_component_ref idref="oc-a1"/>
      </symbol>
      <symbol id="sm-798">
         <name>__TI_decompress_lzss</name>
         <value>0x80787</value>
         <object_component_ref idref="oc-9b"/>
      </symbol>
      <symbol id="sm-7ae">
         <name>C$$EXIT</name>
         <value>0x807e0</value>
         <object_component_ref idref="oc-55b"/>
      </symbol>
      <symbol id="sm-7af">
         <name>abort</name>
         <value>0x807e0</value>
         <object_component_ref idref="oc-55b"/>
      </symbol>
      <symbol id="sm-7b0">
         <name>exit</name>
         <value>0x807e2</value>
         <object_component_ref idref="oc-55b"/>
      </symbol>
      <symbol id="sm-7b1">
         <name>__TI_dtors_ptr</name>
         <value>0xa912</value>
         <object_component_ref idref="oc-5eb"/>
      </symbol>
      <symbol id="sm-7b2">
         <name>__TI_cleanup_ptr</name>
         <value>0xa910</value>
         <object_component_ref idref="oc-5eb"/>
      </symbol>
      <symbol id="sm-7b3">
         <name>__TI_enable_exit_profile_output</name>
         <value>0xa90e</value>
         <object_component_ref idref="oc-5eb"/>
      </symbol>
      <symbol id="sm-7ca">
         <name>_nop</name>
         <value>0x80e91</value>
         <object_component_ref idref="oc-63c"/>
      </symbol>
      <symbol id="sm-7cb">
         <name>_lock</name>
         <value>0xa914</value>
         <object_component_ref idref="oc-5ee"/>
      </symbol>
      <symbol id="sm-7cc">
         <name>_unlock</name>
         <value>0xa916</value>
         <object_component_ref idref="oc-655"/>
      </symbol>
      <symbol id="sm-7cd">
         <name>_register_lock</name>
         <value>0x80e8d</value>
         <object_component_ref idref="oc-63c"/>
      </symbol>
      <symbol id="sm-7ce">
         <name>_register_unlock</name>
         <value>0x80e89</value>
         <object_component_ref idref="oc-63c"/>
      </symbol>
      <symbol id="sm-7dd">
         <name>_args_main</name>
         <value>0x80938</value>
         <object_component_ref idref="oc-555"/>
      </symbol>
      <symbol id="sm-7ec">
         <name>_system_post_cinit</name>
         <value>0x8003f</value>
         <object_component_ref idref="oc-622"/>
      </symbol>
      <symbol id="sm-7ee">
         <name>__c_args__</name>
         <value>0x0</value>
      </symbol>
   </symbol_table>
   <title>Link successful</title>
</link_info>
