******************************************************************************
             TMS320C2000 Linker PC v22.6.2                     
******************************************************************************
>> Linked Fri Nov 14 15:59:01 2025

OUTPUT FILE NAME:   <adc_ex1_soc_epwm.out>
ENTRY POINT SYMBOL: "code_start"  address: 00080000


MEMORY CONFIGURATION

         name            origin    length      used     unused   attr    fill
----------------------  --------  ---------  --------  --------  ----  --------
PAGE 0:
  BOOT_RSVD             00000002   00000126  00000000  00000126  RWIX
  RAMM0                 00000128   000002d8  00000000  000002d8  RWIX
  RAMM1                 00000400   00000400  00000200  00000200  RWIX
  CLATOCPURAM           00001480   00000080  00000000  00000080  RWIX
  CPUTOCLARAM           00001500   00000080  00000000  00000080  RWIX
  CLATODMARAM           00001680   00000080  00000000  00000080  RWIX
  DMATOCLARAM           00001700   00000080  00000000  00000080  RWIX
  RAMLS0                00008000   00000800  00000023  000007dd  RWIX
  RAMLS1                00008800   00000800  00000000  00000800  RWIX
  RAMLS2                00009000   00000800  00000000  00000800  RWIX
  RAMLS3                00009800   00000800  00000000  00000800  RWIX
  RAMLS4                0000a000   00000800  00000000  00000800  RWIX
  RAMLS5                0000a800   00000800  00000118  000006e8  RWIX
  RAMLS6                0000b000   00000800  00000000  00000800  RWIX
  RAMLS7                0000b800   00000800  00000000  00000800  RWIX
  RAMGS0                0000c000   00002000  00000000  00002000  RWIX
  RAMGS1                0000e000   00002000  00000000  00002000  RWIX
  RAMGS2                00010000   00002000  00000000  00002000  RWIX
  RAMGS3                00012000   00002000  00000000  00002000  RWIX
  RAMLS8                00014000   00002000  00000000  00002000  RWIX
  RAMLS9                00016000   00002000  00000000  00002000  RWIX
  BEGIN                 00080000   00000002  00000002  00000000  RWIX
  FLASH_BANK0           00080002   0001fffe  00000ecc  0001f132  RWIX
  FLASH_BANK1           000a0000   00020000  00000000  00020000  RWIX
  FLASH_BANK2           000c0000   00020000  00000000  00020000  RWIX
  FLASH_BANK3           000e0000   00020000  00000000  00020000  RWIX
  FLASH_BANK4           00100000   00008000  00000000  00008000  RWIX
  RESET                 003fffc0   00000002  00000000  00000002  RWIX

PAGE 1:
  CPUTIMER0             00000c00   00000008  00000000  00000008  RWIX
  CPUTIMER1             00000c08   00000008  00000000  00000008  RWIX
  CPUTIMER2             00000c10   00000008  00000000  00000008  RWIX
  PIECTRL               00000ce0   0000001a  0000001a  00000000  RWIX
  PIEVECTTABLE          00000d00   00000200  000001c0  00000040  RWIX
  DMA                   00001000   00000200  00000000  00000200  RWIX
  CLA1                  00001400   00000080  00000000  00000080  RWIX
  ADCARESULT            00001800   00000058  00000058  00000000  RWIX
  ADCBRESULT            00001880   00000058  00000000  00000058  RWIX
  ADCCRESULT            00001900   00000058  00000000  00000058  RWIX
  ADCDRESULT            00001980   00000058  00000000  00000058  RWIX
  ADCERESULT            00001a00   00000058  00000000  00000058  RWIX
  CLB1LOGICCFG          00003000   00000052  00000000  00000052  RWIX
  CLB1LOGICCTRL         00003100   00000040  00000000  00000040  RWIX
  CLB1DATAEXCH          00003180   00000080  00000000  00000080  RWIX
  CLB2LOGICCFG          00003400   00000052  00000000  00000052  RWIX
  CLB2LOGICCTRL         00003500   00000040  00000000  00000040  RWIX
  CLB2DATAEXCH          00003580   00000080  00000000  00000080  RWIX
  EPWM1                 00004000   00000100  00000000  00000100  RWIX
  EPWM2                 00004100   00000100  00000000  00000100  RWIX
  EPWM3                 00004200   00000100  00000000  00000100  RWIX
  EPWM4                 00004300   00000100  00000000  00000100  RWIX
  EPWM5                 00004400   00000100  00000000  00000100  RWIX
  EPWM6                 00004500   00000100  00000000  00000100  RWIX
  EPWM7                 00004600   00000100  00000100  00000000  RWIX
  EPWM8                 00004700   00000100  00000000  00000100  RWIX
  EPWM9                 00004800   00000100  00000000  00000100  RWIX
  EPWM10                00004900   00000100  00000000  00000100  RWIX
  EPWM11                00004a00   00000100  00000000  00000100  RWIX
  EPWM12                00004b00   00000100  00000000  00000100  RWIX
  EQEP1                 00005100   00000040  00000000  00000040  RWIX
  EQEP2                 00005140   00000040  00000000  00000040  RWIX
  EQEP3                 00005180   00000040  00000000  00000040  RWIX
  ECAP1                 00005200   00000020  00000000  00000020  RWIX
  ECAP2                 00005240   00000020  00000000  00000020  RWIX
  CMPSS1                00005500   00000040  00000000  00000040  RWIX
  CMPSS2                00005540   00000040  00000000  00000040  RWIX
  CMPSS3                00005580   00000040  00000000  00000040  RWIX
  CMPSS4                000055c0   00000040  00000000  00000040  RWIX
  PGA1                  00005b00   00000008  00000000  00000008  RWIX
  PGA2                  00005b10   00000008  00000000  00000008  RWIX
  PGA3                  00005b20   00000008  00000000  00000008  RWIX
  DACA                  00005c00   00000008  00000000  00000008  RWIX
  SPIA                  00006100   00000010  00000000  00000010  RWIX
  SPIB                  00006110   00000010  00000000  00000010  RWIX
  PMBUSA                00006400   00000020  00000000  00000020  RWIX
  FSITXA                00006600   00000050  00000000  00000050  RWIX
  FSIRXA                00006680   00000050  00000000  00000050  RWIX
  LINA                  00006800   000000ec  00000000  000000ec  RWIX
  ADCC                  00006a00   00000160  0000014a  00000016  RWIX
  ADCD                  00006c00   00000160  0000014a  00000016  RWIX
  ADCE                  00006e00   00000160  0000014a  00000016  RWIX
  WD                    00007000   0000002c  0000002b  00000001  RWIX
  NMIINTRUPT            00007060   00000010  00000000  00000010  RWIX
  XINT                  00007070   0000000c  00000000  0000000c  RWIX
  SCIA                  00007200   00000010  00000000  00000010  RWIX
  SCIB                  00007210   00000010  00000000  00000010  RWIX
  SCIC                  00007220   00000010  00000000  00000010  RWIX
  I2CA                  00007300   00000022  00000000  00000022  RWIX
  I2CB                  00007340   00000022  00000000  00000022  RWIX
  ADCA                  00007400   00000160  0000014a  00000016  RWIX
  ADCB                  00007600   00000160  0000014a  00000016  RWIX
  INPUTXBAR             00007900   00000020  00000000  00000020  RWIX
  XBAR                  00007920   00000020  00000000  00000020  RWIX
  SYNCSOC               00007940   00000006  00000000  00000006  RWIX
  CLBINPUTXBAR          00007960   00000020  00000000  00000020  RWIX
  DMACLASRCSEL          00007980   0000001a  00000000  0000001a  RWIX
  EPWMXBAR              00007a00   00000040  00000000  00000040  RWIX
  CLBXBAR               00007a40   00000040  00000000  00000040  RWIX
  OUTPUTXBAR            00007a80   00000040  00000000  00000040  RWIX
  CLBOUTPUTXBAR         00007bc0   00000040  00000000  00000040  RWIX
  GPIOCTRL              00007c00   00000200  00000200  00000000  RWIX
  GPIODATA              00007f00   00000040  00000040  00000000  RWIX
  GPIODATAREAD          00007f80   00000010  00000000  00000010  RWIX
  LFU                   00007fe0   00000020  00000000  00000020  RWIX
  AESA                  00042000   0000004c  00000000  0000004c  RWIX
  AESASS                00042c00   00000080  00000000  00000080  RWIX
  MCANASS               00059400   0000002c  00000000  0000002c  RWIX
  MCANA                 00059600   00000100  00000000  00000100  RWIX
  MCANAERROR            00059800   00000210  00000000  00000210  RWIX
  MCANBSS               0005b400   0000002c  00000000  0000002c  RWIX
  MCANB                 0005b600   00000100  00000000  00000100  RWIX
  MCANBERROR            0005b800   00000210  00000000  00000210  RWIX
  DEVCFG                0005d000   000001fa  00000000  000001fa  RWIX
  CLKCFG                0005d200   000000fe  0000003e  000000c0  RWIX
  CPUSYS                0005d300   00000100  000000b0  00000050  RWIX
  SYSSTATUS             0005d400   00000040  00000000  00000040  RWIX
  PERIPHAC              0005d500   00000200  00000000  00000200  RWIX
  ANALOGSUBSYS          0005d700   0000013c  0000013a  00000002  RWIX
  DCC0                  0005e700   00000038  0000002c  0000000c  RWIX
  DCC1                  0005e740   00000038  0000002c  0000000c  RWIX
  ERADGLOBAL            0005e800   00000014  00000000  00000014  RWIX
  ERADHWBP1             0005e900   00000008  00000000  00000008  RWIX
  ERADHWBP2             0005e908   00000008  00000000  00000008  RWIX
  ERADHWBP3             0005e910   00000008  00000000  00000008  RWIX
  ERADHWBP4             0005e918   00000008  00000000  00000008  RWIX
  ERADHWBP5             0005e920   00000008  00000000  00000008  RWIX
  ERADHWBP6             0005e928   00000008  00000000  00000008  RWIX
  ERADHWBP7             0005e930   00000008  00000000  00000008  RWIX
  ERADHWBP8             0005e938   00000008  00000000  00000008  RWIX
  ERADCOUNTER1          0005e980   00000010  00000000  00000010  RWIX
  ERADCOUNTER2          0005e990   00000010  00000000  00000010  RWIX
  ERADCOUNTER3          0005e9a0   00000010  00000000  00000010  RWIX
  ERADCOUNTER4          0005e9b0   00000010  00000000  00000010  RWIX
  ERADCRCGLOBAL         0005ea00   00000010  00000000  00000010  RWIX
  ERADCRC1              0005ea10   00000010  00000000  00000010  RWIX
  ERADCRC2              0005ea20   00000010  00000000  00000010  RWIX
  ERADCRC3              0005ea30   00000010  00000000  00000010  RWIX
  ERADCRC4              0005ea40   00000010  00000000  00000010  RWIX
  ERADCRC5              0005ea50   00000010  00000000  00000010  RWIX
  ERADCRC6              0005ea60   00000010  00000000  00000010  RWIX
  ERADCRC7              0005ea70   00000010  00000000  00000010  RWIX
  ERADCRC8              0005ea80   00000010  00000000  00000010  RWIX
  ERADPCTRACE           0005ead0   0000000a  00000000  0000000a  RWIX
  EPG1                  0005ec00   00000052  00000000  00000052  RWIX
  EPG1MUX               0005ecd0   00000010  00000000  00000010  RWIX
  DCSMZ1                0005f000   00000040  00000000  00000040  RWIX
  DCSMZ2                0005f080   0000003e  00000000  0000003e  RWIX
  DCSMCOMMON            0005f0c0   00000040  00000000  00000040  RWIX
  MEMCFG                0005f400   000000c0  00000000  000000c0  RWIX
  ACCESSPROTECTION      0005f500   0000003e  00000000  0000003e  RWIX
  MEMORYERROR           0005f540   00000040  00000000  00000040  RWIX
  TESTERROR             0005f590   00000010  00000000  00000010  RWIX
  FLASH0CTRL            0005f800   00000182  00000182  00000000  RWIX
  FLASH0ECC             0005fb00   00000028  00000022  00000006  RWIX
  ERADPCTRACEBUFFER     0005fe00   00000800  00000000  00000800  RWIX
  UID                   00072168   00000010  00000000  00000010  RWIX
  DCSMZ1OTP             00078000   00000020  00000000  00000020  RWIX
  DCSMZ2OTP             00078200   00000020  00000000  00000020  RWIX


SECTION ALLOCATION MAP

 output                                  attributes/
section   page    origin      length       input sections
--------  ----  ----------  ----------   ----------------
codestart 
*          0    00080000    00000002     
                  00080000    00000002     f28p55x_codestartbranch.obj (codestart)

.cinit     0    00080eb0    00000030     
                  00080eb0    00000016     (.cinit..data.load) [load image, compression = lzss]
                  00080ec6    00000006     (__TI_handler_table)
                  00080ecc    00000004     (.cinit..bss.load) [load image, compression = zero_init]
                  00080ed0    00000004     (.cinit.PieVectTableFile.load) [load image, compression = zero_init]
                  00080ed4    0000000c     (__TI_cinit_table)

.reset     0    003fffc0    00000000     DSECT

.stack     0    00000400    00000200     UNINITIALIZED
                  00000400    00000200     --HOLE--

.bss       0    0000a800    00000102     UNINITIALIZED
                  0000a800    00000100     adc_ex1_soc_epwm.obj (.bss:adcAResults)
                  0000a900    00000002     adc_ex1_soc_epwm.obj (.bss)

.init_array 
*          0    00080008    00000000     UNINITIALIZED

.data      0    0000a902    00000016     UNINITIALIZED
                  0000a902    0000000c     adc_ex1_soc_epwm.obj (.data)
                  0000a90e    00000006     rts2800_fpu32_eabi.lib : exit.c.obj (.data)
                  0000a914    00000002                            : _lock.c.obj (.data:_lock)
                  0000a916    00000002                            : _lock.c.obj (.data:_unlock)

.const     0    00080040    000001c0     
                  00080040    000001c0     f28p55x_pievect.obj (.const)

.TI.ramfunc 
*          0    00080008    00000023     RUN ADDR = 00008000
                  00080008    0000001f     f28p55x_sysctrl.obj (.TI.ramfunc:InitFlash)
                  00080027    00000004     f28p55x_usdelay.obj (.TI.ramfunc)

PieVectTableFile 
*          1    00000d00    000001c0     UNINITIALIZED
                  00000d00    000001c0     f28p55x_globalvariabledefs.obj (PieVectTableFile)

EmuKeyVar 
*          1    00000d00    00000000     UNINITIALIZED

EmuBModeVar 
*          1    00000d00    00000000     UNINITIALIZED

EmuBootPinsVar 
*          1    00000d00    00000000     UNINITIALIZED

FlashCallbackVar 
*          1    00000d00    00000000     UNINITIALIZED

FlashScalingVar 
*          1    00000d00    00000000     UNINITIALIZED

AdcaResultRegsFile 
*          1    00001800    00000058     UNINITIALIZED
                  00001800    00000058     f28p55x_globalvariabledefs.obj (AdcaResultRegsFile)

AdccRegsFile 
*          1    00006a00    0000014a     UNINITIALIZED
                  00006a00    0000014a     f28p55x_globalvariabledefs.obj (AdccRegsFile)

AdcdRegsFile 
*          1    00006c00    0000014a     UNINITIALIZED
                  00006c00    0000014a     f28p55x_globalvariabledefs.obj (AdcdRegsFile)

AdceRegsFile 
*          1    00006e00    0000014a     UNINITIALIZED
                  00006e00    0000014a     f28p55x_globalvariabledefs.obj (AdceRegsFile)

AdcaRegsFile 
*          1    00007400    0000014a     UNINITIALIZED
                  00007400    0000014a     f28p55x_globalvariabledefs.obj (AdcaRegsFile)

AdcbRegsFile 
*          1    00007600    0000014a     UNINITIALIZED
                  00007600    0000014a     f28p55x_globalvariabledefs.obj (AdcbRegsFile)

AnalogSubsysRegsFile 
*          1    0005d700    0000013a     UNINITIALIZED
                  0005d700    0000013a     f28p55x_globalvariabledefs.obj (AnalogSubsysRegsFile)

ClkCfgRegsFile 
*          1    0005d200    0000003e     UNINITIALIZED
                  0005d200    0000003e     f28p55x_globalvariabledefs.obj (ClkCfgRegsFile)

CpuSysRegsFile 
*          1    0005d300    000000b0     UNINITIALIZED
                  0005d300    000000b0     f28p55x_globalvariabledefs.obj (CpuSysRegsFile)

Dcc0RegsFile 
*          1    0005e700    0000002c     UNINITIALIZED
                  0005e700    0000002c     f28p55x_globalvariabledefs.obj (Dcc0RegsFile)

Dcc1RegsFile 
*          1    0005e740    0000002c     UNINITIALIZED
                  0005e740    0000002c     f28p55x_globalvariabledefs.obj (Dcc1RegsFile)

EPwm7RegsFile 
*          1    00004600    00000100     UNINITIALIZED
                  00004600    00000100     f28p55x_globalvariabledefs.obj (EPwm7RegsFile)

Flash0CtrlRegsFile 
*          1    0005f800    00000182     UNINITIALIZED
                  0005f800    00000182     f28p55x_globalvariabledefs.obj (Flash0CtrlRegsFile)

Flash0EccRegsFile 
*          1    0005fb00    00000022     UNINITIALIZED
                  0005fb00    00000022     f28p55x_globalvariabledefs.obj (Flash0EccRegsFile)

GpioCtrlRegsFile 
*          1    00007c00    00000200     UNINITIALIZED
                  00007c00    00000200     f28p55x_globalvariabledefs.obj (GpioCtrlRegsFile)

GpioDataRegsFile 
*          1    00007f00    00000040     UNINITIALIZED
                  00007f00    00000040     f28p55x_globalvariabledefs.obj (GpioDataRegsFile)

PieCtrlRegsFile 
*          1    00000ce0    0000001a     UNINITIALIZED
                  00000ce0    0000001a     f28p55x_globalvariabledefs.obj (PieCtrlRegsFile)

WdRegsFile 
*          1    00007000    0000002b     UNINITIALIZED
                  00007000    0000002b     f28p55x_globalvariabledefs.obj (WdRegsFile)

.text.1    0    00080030    00000010     
                  00080030    0000000d     f28p55x_sysctrl.obj (.text:DisableDog)
                  0008003d    00000002     rts2800_fpu32_eabi.lib : pre_init.c.obj (.text)
                  0008003f    00000001                            : startup.c.obj (.text)

.text.2    0    00080200    00000ca9     
                  00080200    0000013b     f28p55x_adc.obj (.text:SetVREF)
                  0008033b    000000e6     f28p55x_sysctrl.obj (.text:InitSysPll)
                  00080421    000000a0     f28p55x_sysctrl.obj (.text:IsPLLValid)
                  000804c1    00000088     rts2800_fpu32_eabi.lib : fs_div28.asm.obj (.text)
                  00080549    0000007b     f28p55x_sysctrl.obj (.text:InitPeripheralClocks)
                  000805c4    00000077     f28p55x_sysctrl.obj (.text:ComputeCntrSeedValue)
                  0008063b    0000006d     adc_ex1_soc_epwm.obj (.text:adcA1ISR)
                  000806a8    00000063     adc_ex1_soc_epwm.obj (.text:initEPWM)
                  0008070b    00000043     f28p55x_gpio.obj (.text:InitGpio)
                  0008074e    00000039     adc_ex1_soc_epwm.obj (.text:main)
                  00080787    0000002e     rts2800_fpu32_eabi.lib : copy_decompress_lzss.c.obj (.text:decompress:lzss)
                  000807b5    0000002b                            : autoinit.c.obj (.text:__TI_auto_init_nobinit_nopinit)
                  000807e0    00000029                            : exit.c.obj (.text)
                  00080809    00000025     f28p55x_pievect.obj (.text:InitPieVectTable)
                  0008082e    00000020     f28p55x_sysctrl.obj (.text:SysXtalOscSel)
                  0008084e    0000001f     f28p55x_piectrl.obj (.text:InitPieCtrl)
                  0008086d    0000001e     f28p55x_sysctrl.obj (.text:InitSysCtrl)
                  0008088b    0000001d     rts2800_fpu32_eabi.lib : memcpy.c.obj (.text)
                  000808a8    0000001b     f28p55x_sysctrl.obj (.text:PollX1Counter)
                  000808c3    0000001b     adc_ex1_soc_epwm.obj (.text:initADCSOC)
                  000808de    00000017     rts2800_fpu32_eabi.lib : boot28.asm.obj (.text)
                  000808f5    00000015     f28p55x_sysctrl.obj (.text:SysXtalOscSESel)
                  0008090a    00000014     adc_ex1_soc_epwm.obj (.text:initADC)
                  0008091e    0000000d     f28p55x_defaultisr.obj (.text:EMPTY_ISR)
                  0008092b    0000000d     rts2800_fpu32_eabi.lib : copy_zero_init.c.obj (.text:decompress:ZI:__TI_zero_init_nomemset)
                  00080938    0000000c                            : args_main.c.obj (.text)
                  00080944    0000000a     f28p55x_defaultisr.obj (.text:ADCA1_ISR)
                  0008094e    0000000a     f28p55x_defaultisr.obj (.text:ADCA2_ISR)
                  00080958    0000000a     f28p55x_defaultisr.obj (.text:ADCA3_ISR)
                  00080962    0000000a     f28p55x_defaultisr.obj (.text:ADCA4_ISR)
                  0008096c    0000000a     f28p55x_defaultisr.obj (.text:ADCA_EVT_ISR)
                  00080976    0000000a     f28p55x_defaultisr.obj (.text:ADCB1_ISR)
                  00080980    0000000a     f28p55x_defaultisr.obj (.text:ADCB2_ISR)
                  0008098a    0000000a     f28p55x_defaultisr.obj (.text:ADCB3_ISR)
                  00080994    0000000a     f28p55x_defaultisr.obj (.text:ADCB4_ISR)
                  0008099e    0000000a     f28p55x_defaultisr.obj (.text:ADCB_EVT_ISR)
                  000809a8    0000000a     f28p55x_defaultisr.obj (.text:ADCC1_ISR)
                  000809b2    0000000a     f28p55x_defaultisr.obj (.text:ADCC2_ISR)
                  000809bc    0000000a     f28p55x_defaultisr.obj (.text:ADCC3_ISR)
                  000809c6    0000000a     f28p55x_defaultisr.obj (.text:ADCC4_ISR)
                  000809d0    0000000a     f28p55x_defaultisr.obj (.text:ADCC_EVT_ISR)
                  000809da    0000000a     f28p55x_defaultisr.obj (.text:ADCD1_ISR)
                  000809e4    0000000a     f28p55x_defaultisr.obj (.text:ADCD2_ISR)
                  000809ee    0000000a     f28p55x_defaultisr.obj (.text:ADCD3_ISR)
                  000809f8    0000000a     f28p55x_defaultisr.obj (.text:ADCD4_ISR)
                  00080a02    0000000a     f28p55x_defaultisr.obj (.text:ADCD_EVT_ISR)
                  00080a0c    0000000a     f28p55x_defaultisr.obj (.text:ADCE1_ISR)
                  00080a16    0000000a     f28p55x_defaultisr.obj (.text:ADCE2_ISR)
                  00080a20    0000000a     f28p55x_defaultisr.obj (.text:ADCE3_ISR)
                  00080a2a    0000000a     f28p55x_defaultisr.obj (.text:ADCE4_ISR)
                  00080a34    0000000a     f28p55x_defaultisr.obj (.text:ADCE_EVT_ISR)
                  00080a3e    0000000a     f28p55x_defaultisr.obj (.text:AES_SINTREQUEST_ISR)
                  00080a48    0000000a     f28p55x_defaultisr.obj (.text:CLA1_1_ISR)
                  00080a52    0000000a     f28p55x_defaultisr.obj (.text:CLA1_2_ISR)
                  00080a5c    0000000a     f28p55x_defaultisr.obj (.text:CLA1_3_ISR)
                  00080a66    0000000a     f28p55x_defaultisr.obj (.text:CLA1_4_ISR)
                  00080a70    0000000a     f28p55x_defaultisr.obj (.text:CLA1_5_ISR)
                  00080a7a    0000000a     f28p55x_defaultisr.obj (.text:CLA1_6_ISR)
                  00080a84    0000000a     f28p55x_defaultisr.obj (.text:CLA1_7_ISR)
                  00080a8e    0000000a     f28p55x_defaultisr.obj (.text:CLA1_8_ISR)
                  00080a98    0000000a     f28p55x_defaultisr.obj (.text:CLB1_ISR)
                  00080aa2    0000000a     f28p55x_defaultisr.obj (.text:CLB2_ISR)
                  00080aac    0000000a     f28p55x_defaultisr.obj (.text:DATALOG_ISR)
                  00080ab6    0000000a     f28p55x_defaultisr.obj (.text:DCC0_ISR)
                  00080ac0    0000000a     f28p55x_defaultisr.obj (.text:DCC1_ISR)
                  00080aca    0000000a     f28p55x_defaultisr.obj (.text:DMA_CH1_ISR)
                  00080ad4    0000000a     f28p55x_defaultisr.obj (.text:DMA_CH2_ISR)
                  00080ade    0000000a     f28p55x_defaultisr.obj (.text:DMA_CH3_ISR)
                  00080ae8    0000000a     f28p55x_defaultisr.obj (.text:DMA_CH4_ISR)
                  00080af2    0000000a     f28p55x_defaultisr.obj (.text:DMA_CH5_ISR)
                  00080afc    0000000a     f28p55x_defaultisr.obj (.text:DMA_CH6_ISR)
                  00080b06    0000000a     f28p55x_defaultisr.obj (.text:ECAP1_ISR)
                  00080b10    0000000a     f28p55x_defaultisr.obj (.text:ECAP2_ISR)
                  00080b1a    0000000a     f28p55x_defaultisr.obj (.text:EMU_ISR)
                  00080b24    0000000a     f28p55x_defaultisr.obj (.text:EPWM10_ISR)
                  00080b2e    0000000a     f28p55x_defaultisr.obj (.text:EPWM10_TZ_ISR)
                  00080b38    0000000a     f28p55x_defaultisr.obj (.text:EPWM11_ISR)
                  00080b42    0000000a     f28p55x_defaultisr.obj (.text:EPWM11_TZ_ISR)
                  00080b4c    0000000a     f28p55x_defaultisr.obj (.text:EPWM12_ISR)
                  00080b56    0000000a     f28p55x_defaultisr.obj (.text:EPWM12_TZ_ISR)
                  00080b60    0000000a     f28p55x_defaultisr.obj (.text:EPWM1_ISR)
                  00080b6a    0000000a     f28p55x_defaultisr.obj (.text:EPWM1_TZ_ISR)
                  00080b74    0000000a     f28p55x_defaultisr.obj (.text:EPWM2_ISR)
                  00080b7e    0000000a     f28p55x_defaultisr.obj (.text:EPWM2_TZ_ISR)
                  00080b88    0000000a     f28p55x_defaultisr.obj (.text:EPWM3_ISR)
                  00080b92    0000000a     f28p55x_defaultisr.obj (.text:EPWM3_TZ_ISR)
                  00080b9c    0000000a     f28p55x_defaultisr.obj (.text:EPWM4_ISR)
                  00080ba6    0000000a     f28p55x_defaultisr.obj (.text:EPWM4_TZ_ISR)
                  00080bb0    0000000a     f28p55x_defaultisr.obj (.text:EPWM5_ISR)
                  00080bba    0000000a     f28p55x_defaultisr.obj (.text:EPWM5_TZ_ISR)
                  00080bc4    0000000a     f28p55x_defaultisr.obj (.text:EPWM6_ISR)
                  00080bce    0000000a     f28p55x_defaultisr.obj (.text:EPWM6_TZ_ISR)
                  00080bd8    0000000a     f28p55x_defaultisr.obj (.text:EPWM7_ISR)
                  00080be2    0000000a     f28p55x_defaultisr.obj (.text:EPWM7_TZ_ISR)
                  00080bec    0000000a     f28p55x_defaultisr.obj (.text:EPWM8_ISR)
                  00080bf6    0000000a     f28p55x_defaultisr.obj (.text:EPWM8_TZ_ISR)
                  00080c00    0000000a     f28p55x_defaultisr.obj (.text:EPWM9_ISR)
                  00080c0a    0000000a     f28p55x_defaultisr.obj (.text:EPWM9_TZ_ISR)
                  00080c14    0000000a     f28p55x_defaultisr.obj (.text:EQEP1_ISR)
                  00080c1e    0000000a     f28p55x_defaultisr.obj (.text:EQEP2_ISR)
                  00080c28    0000000a     f28p55x_defaultisr.obj (.text:EQEP3_ISR)
                  00080c32    0000000a     f28p55x_defaultisr.obj (.text:FLSS_ISR)
                  00080c3c    0000000a     f28p55x_defaultisr.obj (.text:FSIRXA1_ISR)
                  00080c46    0000000a     f28p55x_defaultisr.obj (.text:FSIRXA2_ISR)
                  00080c50    0000000a     f28p55x_defaultisr.obj (.text:FSITXA1_ISR)
                  00080c5a    0000000a     f28p55x_defaultisr.obj (.text:FSITXA2_ISR)
                  00080c64    0000000a     f28p55x_defaultisr.obj (.text:I2CA_FIFO_ISR)
                  00080c6e    0000000a     f28p55x_defaultisr.obj (.text:I2CA_ISR)
                  00080c78    0000000a     f28p55x_defaultisr.obj (.text:I2CB_FIFO_ISR)
                  00080c82    0000000a     f28p55x_defaultisr.obj (.text:I2CB_ISR)
                  00080c8c    0000000a     f28p55x_defaultisr.obj (.text:ILLEGAL_ISR)
                  00080c96    0000000a     f28p55x_defaultisr.obj (.text:LINA_0_ISR)
                  00080ca0    0000000a     f28p55x_defaultisr.obj (.text:LINA_1_ISR)
                  00080caa    0000000a     f28p55x_defaultisr.obj (.text:MCANA_0_ISR)
                  00080cb4    0000000a     f28p55x_defaultisr.obj (.text:MCANA_1_ISR)
                  00080cbe    0000000a     f28p55x_defaultisr.obj (.text:MCANA_ECC_ISR)
                  00080cc8    0000000a     f28p55x_defaultisr.obj (.text:MCANA_WAKE_ISR)
                  00080cd2    0000000a     f28p55x_defaultisr.obj (.text:MCANB_0_ISR)
                  00080cdc    0000000a     f28p55x_defaultisr.obj (.text:MCANB_1_ISR)
                  00080ce6    0000000a     f28p55x_defaultisr.obj (.text:MCANB_ECC_ISR)
                  00080cf0    0000000a     f28p55x_defaultisr.obj (.text:MCANB_WAKE_ISR)
                  00080cfa    0000000a     f28p55x_defaultisr.obj (.text:NMI_ISR)
                  00080d04    0000000a     f28p55x_defaultisr.obj (.text:NOTUSED_ISR)
                  00080d0e    0000000a     f28p55x_defaultisr.obj (.text:PIE_RESERVED_ISR)
                  00080d18    0000000a     f28p55x_defaultisr.obj (.text:PMBUSA_ISR)
                  00080d22    0000000a     f28p55x_defaultisr.obj (.text:RTOS_ISR)
                  00080d2c    0000000a     f28p55x_defaultisr.obj (.text:SCIA_RX_ISR)
                  00080d36    0000000a     f28p55x_defaultisr.obj (.text:SCIA_TX_ISR)
                  00080d40    0000000a     f28p55x_defaultisr.obj (.text:SCIB_RX_ISR)
                  00080d4a    0000000a     f28p55x_defaultisr.obj (.text:SCIB_TX_ISR)
                  00080d54    0000000a     f28p55x_defaultisr.obj (.text:SCIC_RX_ISR)
                  00080d5e    0000000a     f28p55x_defaultisr.obj (.text:SCIC_TX_ISR)
                  00080d68    0000000a     f28p55x_defaultisr.obj (.text:SPIA_RX_ISR)
                  00080d72    0000000a     f28p55x_defaultisr.obj (.text:SPIA_TX_ISR)
                  00080d7c    0000000a     f28p55x_defaultisr.obj (.text:SPIB_RX_ISR)
                  00080d86    0000000a     f28p55x_defaultisr.obj (.text:SPIB_TX_ISR)
                  00080d90    0000000a     f28p55x_defaultisr.obj (.text:SYS_ERR_ISR)
                  00080d9a    0000000a     f28p55x_defaultisr.obj (.text:TIMER0_ISR)
                  00080da4    0000000a     f28p55x_defaultisr.obj (.text:TIMER1_ISR)
                  00080dae    0000000a     f28p55x_defaultisr.obj (.text:TIMER2_ISR)
                  00080db8    0000000a     f28p55x_defaultisr.obj (.text:USBA_ISR)
                  00080dc2    0000000a     f28p55x_defaultisr.obj (.text:USER10_ISR)
                  00080dcc    0000000a     f28p55x_defaultisr.obj (.text:USER11_ISR)
                  00080dd6    0000000a     f28p55x_defaultisr.obj (.text:USER12_ISR)
                  00080de0    0000000a     f28p55x_defaultisr.obj (.text:USER1_ISR)
                  00080dea    0000000a     f28p55x_defaultisr.obj (.text:USER2_ISR)
                  00080df4    0000000a     f28p55x_defaultisr.obj (.text:USER3_ISR)
                  00080dfe    0000000a     f28p55x_defaultisr.obj (.text:USER4_ISR)
                  00080e08    0000000a     f28p55x_defaultisr.obj (.text:USER5_ISR)
                  00080e12    0000000a     f28p55x_defaultisr.obj (.text:USER6_ISR)
                  00080e1c    0000000a     f28p55x_defaultisr.obj (.text:USER7_ISR)
                  00080e26    0000000a     f28p55x_defaultisr.obj (.text:USER8_ISR)
                  00080e30    0000000a     f28p55x_defaultisr.obj (.text:USER9_ISR)
                  00080e3a    0000000a     f28p55x_defaultisr.obj (.text:VCU_ISR)
                  00080e44    0000000a     f28p55x_defaultisr.obj (.text:WAKE_ISR)
                  00080e4e    0000000a     f28p55x_defaultisr.obj (.text:XINT1_ISR)
                  00080e58    0000000a     f28p55x_defaultisr.obj (.text:XINT2_ISR)
                  00080e62    0000000a     f28p55x_defaultisr.obj (.text:XINT3_ISR)
                  00080e6c    0000000a     f28p55x_defaultisr.obj (.text:XINT4_ISR)
                  00080e76    0000000a     f28p55x_defaultisr.obj (.text:XINT5_ISR)
                  00080e80    00000009     f28p55x_sysctrl.obj (.text:SysIntOsc1Sel)
                  00080e89    00000009     rts2800_fpu32_eabi.lib : _lock.c.obj (.text)
                  00080e92    00000008                            : copy_decompress_none.c.obj (.text:decompress:none)
                  00080e9a    00000008     f28p55x_codestartbranch.obj (.text)
                  00080ea2    00000007     f28p55x_sysctrl.obj (.text:SysIntOsc2Sel)

MODULE SUMMARY

       Module                           code   ro data   rw data
       ------                           ----   -------   -------
    .\
       f28p55x_globalvariabledefs.obj   0      0         4147   
       f28p55x_defaultisr.obj           1353   0         0      
       f28p55x_sysctrl.obj              833    0         0      
       adc_ex1_soc_epwm.obj             312    0         270    
       f28p55x_pievect.obj              37     448       0      
       f28p55x_adc.obj                  315    0         0      
       f28p55x_gpio.obj                 67     0         0      
       f28p55x_piectrl.obj              31     0         0      
       f28p55x_codestartbranch.obj      10     0         0      
       f28p55x_usdelay.obj              8      0         0      
    +--+--------------------------------+------+---------+---------+
       Total:                           2966   448       4417   
                                                                
    C:\ti\ccs2020\ccs\tools\compiler\ti-cgt-c2000_22.6.2.LTS\lib\rts2800_fpu32_eabi.lib
       fs_div28.asm.obj                 136    0         0      
       exit.c.obj                       41     0         6      
       copy_decompress_lzss.c.obj       46     0         0      
       autoinit.c.obj                   43     0         0      
       memcpy.c.obj                     29     0         0      
       boot28.asm.obj                   23     0         0      
       _lock.c.obj                      9      0         4      
       copy_zero_init.c.obj             13     0         0      
       args_main.c.obj                  12     0         0      
       copy_decompress_none.c.obj       8      0         0      
       pre_init.c.obj                   2      0         0      
       startup.c.obj                    1      0         0      
    +--+--------------------------------+------+---------+---------+
       Total:                           363    0         10     
                                                                
       Stack:                           0      0         512    
       Linker Generated:                0      48        0      
    +--+--------------------------------+------+---------+---------+
       Grand Total:                     3329   496       4939   


LINKER GENERATED COPY TABLES

__TI_cinit_table @ 00080ed4 records: 3, size/record: 4, table size: 12
	.data: load addr=00080eb0, load size=00000016 bytes, run addr=0000a902, run size=00000016 bytes, compression=lzss
	.bss: load addr=00080ecc, load size=00000004 bytes, run addr=0000a800, run size=00000102 bytes, compression=zero_init
	PieVectTableFile: load addr=00080ed0, load size=00000004 bytes, run addr=00000d00, run size=000001c0 bytes, compression=zero_init


LINKER GENERATED HANDLER TABLE

__TI_handler_table @ 00080ec6 records: 3, size/record: 2, table size: 6
	index: 0, handler: __TI_zero_init
	index: 1, handler: __TI_decompress_lzss
	index: 2, handler: __TI_decompress_none


GLOBAL DATA SYMBOLS: SORTED BY DATA PAGE

address     data page           name
--------    ----------------    ----
00000400      10 (00000400)     __stack

00000ce0      33 (00000cc0)     PieCtrlRegs

00000d00      34 (00000d00)     PieVectTable

00001800      60 (00001800)     AdcaResultRegs

00004600     118 (00004600)     EPwm7Regs

00006a00     1a8 (00006a00)     AdccRegs

00006c00     1b0 (00006c00)     AdcdRegs

00006e00     1b8 (00006e00)     AdceRegs

00007000     1c0 (00007000)     WdRegs

00007400     1d0 (00007400)     AdcaRegs

00007600     1d8 (00007600)     AdcbRegs

00007c00     1f0 (00007c00)     GpioCtrlRegs

00007f00     1fc (00007f00)     GpioDataRegs

0000a800     2a0 (0000a800)     adcAResults

0000a900     2a4 (0000a900)     index
0000a901     2a4 (0000a900)     bufferFull
0000a902     2a4 (0000a900)     R1
0000a904     2a4 (0000a900)     R2
0000a906     2a4 (0000a900)     na_d
0000a908     2a4 (0000a900)     Vfs
0000a90a     2a4 (0000a900)     Vs
0000a90c     2a4 (0000a900)     bit_range
0000a90e     2a4 (0000a900)     __TI_enable_exit_profile_output
0000a910     2a4 (0000a900)     __TI_cleanup_ptr
0000a912     2a4 (0000a900)     __TI_dtors_ptr
0000a914     2a4 (0000a900)     _lock
0000a916     2a4 (0000a900)     _unlock

0005d200    1748 (0005d200)     ClkCfgRegs

0005d300    174c (0005d300)     CpuSysRegs

0005d700    175c (0005d700)     AnalogSubsysRegs

0005e700    179c (0005e700)     Dcc0Regs

0005e740    179d (0005e740)     Dcc1Regs

0005f800    17e0 (0005f800)     Flash0CtrlRegs

0005fb00    17ec (0005fb00)     Flash0EccRegs

00080040    2001 (00080040)     PieVectTableInit


GLOBAL SYMBOLS: SORTED ALPHABETICALLY BY Name 

page  address   name                           
----  -------   ----                           
0     00080944  ADCA1_ISR                      
0     0008094e  ADCA2_ISR                      
0     00080958  ADCA3_ISR                      
0     00080962  ADCA4_ISR                      
0     0008096c  ADCA_EVT_ISR                   
0     00080976  ADCB1_ISR                      
0     00080980  ADCB2_ISR                      
0     0008098a  ADCB3_ISR                      
0     00080994  ADCB4_ISR                      
0     0008099e  ADCB_EVT_ISR                   
0     000809a8  ADCC1_ISR                      
0     000809b2  ADCC2_ISR                      
0     000809bc  ADCC3_ISR                      
0     000809c6  ADCC4_ISR                      
0     000809d0  ADCC_EVT_ISR                   
0     000809da  ADCD1_ISR                      
0     000809e4  ADCD2_ISR                      
0     000809ee  ADCD3_ISR                      
0     000809f8  ADCD4_ISR                      
0     00080a02  ADCD_EVT_ISR                   
0     00080a0c  ADCE1_ISR                      
0     00080a16  ADCE2_ISR                      
0     00080a20  ADCE3_ISR                      
0     00080a2a  ADCE4_ISR                      
0     00080a34  ADCE_EVT_ISR                   
0     00080a3e  AES_SINTREQUEST_ISR            
1     00007400  AdcaRegs                       
1     00001800  AdcaResultRegs                 
1     00007600  AdcbRegs                       
1     00006a00  AdccRegs                       
1     00006c00  AdcdRegs                       
1     00006e00  AdceRegs                       
1     0005d700  AnalogSubsysRegs               
0     000807e0  C$$EXIT                        
0     00080a48  CLA1_1_ISR                     
0     00080a52  CLA1_2_ISR                     
0     00080a5c  CLA1_3_ISR                     
0     00080a66  CLA1_4_ISR                     
0     00080a70  CLA1_5_ISR                     
0     00080a7a  CLA1_6_ISR                     
0     00080a84  CLA1_7_ISR                     
0     00080a8e  CLA1_8_ISR                     
0     00080a98  CLB1_ISR                       
0     00080aa2  CLB2_ISR                       
1     0005d200  ClkCfgRegs                     
0     000805c4  ComputeCntrSeedValue           
1     0005d300  CpuSysRegs                     
0     00080aac  DATALOG_ISR                    
0     00080ab6  DCC0_ISR                       
0     00080ac0  DCC1_ISR                       
0     00080aca  DMA_CH1_ISR                    
0     00080ad4  DMA_CH2_ISR                    
0     00080ade  DMA_CH3_ISR                    
0     00080ae8  DMA_CH4_ISR                    
0     00080af2  DMA_CH5_ISR                    
0     00080afc  DMA_CH6_ISR                    
1     0005e700  Dcc0Regs                       
1     0005e740  Dcc1Regs                       
0     00080030  DisableDog                     
0     00080b06  ECAP1_ISR                      
0     00080b10  ECAP2_ISR                      
0     0008091e  EMPTY_ISR                      
0     00080b1a  EMU_ISR                        
0     00080b24  EPWM10_ISR                     
0     00080b2e  EPWM10_TZ_ISR                  
0     00080b38  EPWM11_ISR                     
0     00080b42  EPWM11_TZ_ISR                  
0     00080b4c  EPWM12_ISR                     
0     00080b56  EPWM12_TZ_ISR                  
0     00080b60  EPWM1_ISR                      
0     00080b6a  EPWM1_TZ_ISR                   
0     00080b74  EPWM2_ISR                      
0     00080b7e  EPWM2_TZ_ISR                   
0     00080b88  EPWM3_ISR                      
0     00080b92  EPWM3_TZ_ISR                   
0     00080b9c  EPWM4_ISR                      
0     00080ba6  EPWM4_TZ_ISR                   
0     00080bb0  EPWM5_ISR                      
0     00080bba  EPWM5_TZ_ISR                   
0     00080bc4  EPWM6_ISR                      
0     00080bce  EPWM6_TZ_ISR                   
0     00080bd8  EPWM7_ISR                      
0     00080be2  EPWM7_TZ_ISR                   
0     00080bec  EPWM8_ISR                      
0     00080bf6  EPWM8_TZ_ISR                   
0     00080c00  EPWM9_ISR                      
0     00080c0a  EPWM9_TZ_ISR                   
1     00004600  EPwm7Regs                      
0     00080c14  EQEP1_ISR                      
0     00080c1e  EQEP2_ISR                      
0     00080c28  EQEP3_ISR                      
0     0000801f  F28x_usDelay                   
0     00080c32  FLSS_ISR                       
0     00080c3c  FSIRXA1_ISR                    
0     00080c46  FSIRXA2_ISR                    
0     00080c50  FSITXA1_ISR                    
0     00080c5a  FSITXA2_ISR                    
1     0005f800  Flash0CtrlRegs                 
1     0005fb00  Flash0EccRegs                  
1     00007c00  GpioCtrlRegs                   
1     00007f00  GpioDataRegs                   
0     00080c64  I2CA_FIFO_ISR                  
0     00080c6e  I2CA_ISR                       
0     00080c78  I2CB_FIFO_ISR                  
0     00080c82  I2CB_ISR                       
0     00080c8c  ILLEGAL_ISR                    
0     00008000  InitFlash                      
0     0008070b  InitGpio                       
0     00080549  InitPeripheralClocks           
0     0008084e  InitPieCtrl                    
0     00080809  InitPieVectTable               
0     0008086d  InitSysCtrl                    
0     0008033b  InitSysPll                     
0     00080421  IsPLLValid                     
0     00080c96  LINA_0_ISR                     
0     00080ca0  LINA_1_ISR                     
0     00080caa  MCANA_0_ISR                    
0     00080cb4  MCANA_1_ISR                    
0     00080cbe  MCANA_ECC_ISR                  
0     00080cc8  MCANA_WAKE_ISR                 
0     00080cd2  MCANB_0_ISR                    
0     00080cdc  MCANB_1_ISR                    
0     00080ce6  MCANB_ECC_ISR                  
0     00080cf0  MCANB_WAKE_ISR                 
0     00080cfa  NMI_ISR                        
0     00080d04  NOTUSED_ISR                    
0     00080d0e  PIE_RESERVED_ISR               
0     00080d18  PMBUSA_ISR                     
1     00000ce0  PieCtrlRegs                    
1     00000d00  PieVectTable                   
0     00080040  PieVectTableInit               
0     0000a902  R1                             
0     0000a904  R2                             
0     00080d22  RTOS_ISR                       
0     0008002b  RamfuncsLoadEnd                
abs   00000023  RamfuncsLoadSize               
0     00080008  RamfuncsLoadStart              
0     00008023  RamfuncsRunEnd                 
abs   00000023  RamfuncsRunSize                
0     00008000  RamfuncsRunStart               
0     00080d2c  SCIA_RX_ISR                    
0     00080d36  SCIA_TX_ISR                    
0     00080d40  SCIB_RX_ISR                    
0     00080d4a  SCIB_TX_ISR                    
0     00080d54  SCIC_RX_ISR                    
0     00080d5e  SCIC_TX_ISR                    
0     00080d68  SPIA_RX_ISR                    
0     00080d72  SPIA_TX_ISR                    
0     00080d7c  SPIB_RX_ISR                    
0     00080d86  SPIB_TX_ISR                    
0     00080d90  SYS_ERR_ISR                    
0     00080200  SetVREF                        
0     00080e80  SysIntOsc1Sel                  
0     00080ea2  SysIntOsc2Sel                  
0     000808f5  SysXtalOscSESel                
0     0008082e  SysXtalOscSel                  
0     00080d9a  TIMER0_ISR                     
0     00080da4  TIMER1_ISR                     
0     00080dae  TIMER2_ISR                     
0     00080db8  USBA_ISR                       
0     00080dc2  USER10_ISR                     
0     00080dcc  USER11_ISR                     
0     00080dd6  USER12_ISR                     
0     00080de0  USER1_ISR                      
0     00080dea  USER2_ISR                      
0     00080df4  USER3_ISR                      
0     00080dfe  USER4_ISR                      
0     00080e08  USER5_ISR                      
0     00080e12  USER6_ISR                      
0     00080e1c  USER7_ISR                      
0     00080e26  USER8_ISR                      
0     00080e30  USER9_ISR                      
0     00080e3a  VCU_ISR                        
0     0000a908  Vfs                            
0     0000a90a  Vs                             
0     00080e44  WAKE_ISR                       
1     00007000  WdRegs                         
0     00080e4e  XINT1_ISR                      
0     00080e58  XINT2_ISR                      
0     00080e62  XINT3_ISR                      
0     00080e6c  XINT4_ISR                      
0     00080e76  XINT5_ISR                      
0     00080ed4  __TI_CINIT_Base                
0     00080ee0  __TI_CINIT_Limit               
0     00080ee0  __TI_CINIT_Warm                
0     00080ec6  __TI_Handler_Table_Base        
0     00080ecc  __TI_Handler_Table_Limit       
0     00000600  __TI_STACK_END                 
abs   00000200  __TI_STACK_SIZE                
0     000807b5  __TI_auto_init_nobinit_nopinit 
0     0000a910  __TI_cleanup_ptr               
0     00080787  __TI_decompress_lzss           
0     00080e92  __TI_decompress_none           
0     0000a912  __TI_dtors_ptr                 
0     0000a90e  __TI_enable_exit_profile_output
abs   ffffffff  __TI_pprof_out_hndl            
abs   ffffffff  __TI_prof_data_size            
abs   ffffffff  __TI_prof_data_start           
0     0008092b  __TI_zero_init_nomemset        
0     000804c1  __c28xabi_divf                 
n/a   UNDEFED   __c_args__                     
0     00000400  __stack                        
0     00080938  _args_main                     
0     000808de  _c_int00                       
0     0000a914  _lock                          
0     00080e91  _nop                           
0     00080e8d  _register_lock                 
0     00080e89  _register_unlock               
0     0008003f  _system_post_cinit             
0     0008003d  _system_pre_init               
0     0000a916  _unlock                        
0     000807e0  abort                          
0     0008063b  adcA1ISR                       
0     0000a800  adcAResults                    
0     0000a90c  bit_range                      
0     0000a901  bufferFull                     
0     00080000  code_start                     
0     000807e2  exit                           
0     0000a900  index                          
0     0008090a  initADC                        
0     000808c3  initADCSOC                     
0     000806a8  initEPWM                       
0     0008074e  main                           
0     0008088b  memcpy                         
0     0000a906  na_d                           


GLOBAL SYMBOLS: SORTED BY Symbol Address 

page  address   name                           
----  -------   ----                           
0     00000400  __stack                        
0     00000600  __TI_STACK_END                 
0     00008000  InitFlash                      
0     00008000  RamfuncsRunStart               
0     0000801f  F28x_usDelay                   
0     00008023  RamfuncsRunEnd                 
0     0000a800  adcAResults                    
0     0000a900  index                          
0     0000a901  bufferFull                     
0     0000a902  R1                             
0     0000a904  R2                             
0     0000a906  na_d                           
0     0000a908  Vfs                            
0     0000a90a  Vs                             
0     0000a90c  bit_range                      
0     0000a90e  __TI_enable_exit_profile_output
0     0000a910  __TI_cleanup_ptr               
0     0000a912  __TI_dtors_ptr                 
0     0000a914  _lock                          
0     0000a916  _unlock                        
0     00080000  code_start                     
0     00080008  RamfuncsLoadStart              
0     0008002b  RamfuncsLoadEnd                
0     00080030  DisableDog                     
0     0008003d  _system_pre_init               
0     0008003f  _system_post_cinit             
0     00080040  PieVectTableInit               
0     00080200  SetVREF                        
0     0008033b  InitSysPll                     
0     00080421  IsPLLValid                     
0     000804c1  __c28xabi_divf                 
0     00080549  InitPeripheralClocks           
0     000805c4  ComputeCntrSeedValue           
0     0008063b  adcA1ISR                       
0     000806a8  initEPWM                       
0     0008070b  InitGpio                       
0     0008074e  main                           
0     00080787  __TI_decompress_lzss           
0     000807b5  __TI_auto_init_nobinit_nopinit 
0     000807e0  C$$EXIT                        
0     000807e0  abort                          
0     000807e2  exit                           
0     00080809  InitPieVectTable               
0     0008082e  SysXtalOscSel                  
0     0008084e  InitPieCtrl                    
0     0008086d  InitSysCtrl                    
0     0008088b  memcpy                         
0     000808c3  initADCSOC                     
0     000808de  _c_int00                       
0     000808f5  SysXtalOscSESel                
0     0008090a  initADC                        
0     0008091e  EMPTY_ISR                      
0     0008092b  __TI_zero_init_nomemset        
0     00080938  _args_main                     
0     00080944  ADCA1_ISR                      
0     0008094e  ADCA2_ISR                      
0     00080958  ADCA3_ISR                      
0     00080962  ADCA4_ISR                      
0     0008096c  ADCA_EVT_ISR                   
0     00080976  ADCB1_ISR                      
0     00080980  ADCB2_ISR                      
0     0008098a  ADCB3_ISR                      
0     00080994  ADCB4_ISR                      
0     0008099e  ADCB_EVT_ISR                   
0     000809a8  ADCC1_ISR                      
0     000809b2  ADCC2_ISR                      
0     000809bc  ADCC3_ISR                      
0     000809c6  ADCC4_ISR                      
0     000809d0  ADCC_EVT_ISR                   
0     000809da  ADCD1_ISR                      
0     000809e4  ADCD2_ISR                      
0     000809ee  ADCD3_ISR                      
0     000809f8  ADCD4_ISR                      
0     00080a02  ADCD_EVT_ISR                   
0     00080a0c  ADCE1_ISR                      
0     00080a16  ADCE2_ISR                      
0     00080a20  ADCE3_ISR                      
0     00080a2a  ADCE4_ISR                      
0     00080a34  ADCE_EVT_ISR                   
0     00080a3e  AES_SINTREQUEST_ISR            
0     00080a48  CLA1_1_ISR                     
0     00080a52  CLA1_2_ISR                     
0     00080a5c  CLA1_3_ISR                     
0     00080a66  CLA1_4_ISR                     
0     00080a70  CLA1_5_ISR                     
0     00080a7a  CLA1_6_ISR                     
0     00080a84  CLA1_7_ISR                     
0     00080a8e  CLA1_8_ISR                     
0     00080a98  CLB1_ISR                       
0     00080aa2  CLB2_ISR                       
0     00080aac  DATALOG_ISR                    
0     00080ab6  DCC0_ISR                       
0     00080ac0  DCC1_ISR                       
0     00080aca  DMA_CH1_ISR                    
0     00080ad4  DMA_CH2_ISR                    
0     00080ade  DMA_CH3_ISR                    
0     00080ae8  DMA_CH4_ISR                    
0     00080af2  DMA_CH5_ISR                    
0     00080afc  DMA_CH6_ISR                    
0     00080b06  ECAP1_ISR                      
0     00080b10  ECAP2_ISR                      
0     00080b1a  EMU_ISR                        
0     00080b24  EPWM10_ISR                     
0     00080b2e  EPWM10_TZ_ISR                  
0     00080b38  EPWM11_ISR                     
0     00080b42  EPWM11_TZ_ISR                  
0     00080b4c  EPWM12_ISR                     
0     00080b56  EPWM12_TZ_ISR                  
0     00080b60  EPWM1_ISR                      
0     00080b6a  EPWM1_TZ_ISR                   
0     00080b74  EPWM2_ISR                      
0     00080b7e  EPWM2_TZ_ISR                   
0     00080b88  EPWM3_ISR                      
0     00080b92  EPWM3_TZ_ISR                   
0     00080b9c  EPWM4_ISR                      
0     00080ba6  EPWM4_TZ_ISR                   
0     00080bb0  EPWM5_ISR                      
0     00080bba  EPWM5_TZ_ISR                   
0     00080bc4  EPWM6_ISR                      
0     00080bce  EPWM6_TZ_ISR                   
0     00080bd8  EPWM7_ISR                      
0     00080be2  EPWM7_TZ_ISR                   
0     00080bec  EPWM8_ISR                      
0     00080bf6  EPWM8_TZ_ISR                   
0     00080c00  EPWM9_ISR                      
0     00080c0a  EPWM9_TZ_ISR                   
0     00080c14  EQEP1_ISR                      
0     00080c1e  EQEP2_ISR                      
0     00080c28  EQEP3_ISR                      
0     00080c32  FLSS_ISR                       
0     00080c3c  FSIRXA1_ISR                    
0     00080c46  FSIRXA2_ISR                    
0     00080c50  FSITXA1_ISR                    
0     00080c5a  FSITXA2_ISR                    
0     00080c64  I2CA_FIFO_ISR                  
0     00080c6e  I2CA_ISR                       
0     00080c78  I2CB_FIFO_ISR                  
0     00080c82  I2CB_ISR                       
0     00080c8c  ILLEGAL_ISR                    
0     00080c96  LINA_0_ISR                     
0     00080ca0  LINA_1_ISR                     
0     00080caa  MCANA_0_ISR                    
0     00080cb4  MCANA_1_ISR                    
0     00080cbe  MCANA_ECC_ISR                  
0     00080cc8  MCANA_WAKE_ISR                 
0     00080cd2  MCANB_0_ISR                    
0     00080cdc  MCANB_1_ISR                    
0     00080ce6  MCANB_ECC_ISR                  
0     00080cf0  MCANB_WAKE_ISR                 
0     00080cfa  NMI_ISR                        
0     00080d04  NOTUSED_ISR                    
0     00080d0e  PIE_RESERVED_ISR               
0     00080d18  PMBUSA_ISR                     
0     00080d22  RTOS_ISR                       
0     00080d2c  SCIA_RX_ISR                    
0     00080d36  SCIA_TX_ISR                    
0     00080d40  SCIB_RX_ISR                    
0     00080d4a  SCIB_TX_ISR                    
0     00080d54  SCIC_RX_ISR                    
0     00080d5e  SCIC_TX_ISR                    
0     00080d68  SPIA_RX_ISR                    
0     00080d72  SPIA_TX_ISR                    
0     00080d7c  SPIB_RX_ISR                    
0     00080d86  SPIB_TX_ISR                    
0     00080d90  SYS_ERR_ISR                    
0     00080d9a  TIMER0_ISR                     
0     00080da4  TIMER1_ISR                     
0     00080dae  TIMER2_ISR                     
0     00080db8  USBA_ISR                       
0     00080dc2  USER10_ISR                     
0     00080dcc  USER11_ISR                     
0     00080dd6  USER12_ISR                     
0     00080de0  USER1_ISR                      
0     00080dea  USER2_ISR                      
0     00080df4  USER3_ISR                      
0     00080dfe  USER4_ISR                      
0     00080e08  USER5_ISR                      
0     00080e12  USER6_ISR                      
0     00080e1c  USER7_ISR                      
0     00080e26  USER8_ISR                      
0     00080e30  USER9_ISR                      
0     00080e3a  VCU_ISR                        
0     00080e44  WAKE_ISR                       
0     00080e4e  XINT1_ISR                      
0     00080e58  XINT2_ISR                      
0     00080e62  XINT3_ISR                      
0     00080e6c  XINT4_ISR                      
0     00080e76  XINT5_ISR                      
0     00080e80  SysIntOsc1Sel                  
0     00080e89  _register_unlock               
0     00080e8d  _register_lock                 
0     00080e91  _nop                           
0     00080e92  __TI_decompress_none           
0     00080ea2  SysIntOsc2Sel                  
0     00080ec6  __TI_Handler_Table_Base        
0     00080ecc  __TI_Handler_Table_Limit       
0     00080ed4  __TI_CINIT_Base                
0     00080ee0  __TI_CINIT_Limit               
0     00080ee0  __TI_CINIT_Warm                
1     00000ce0  PieCtrlRegs                    
1     00000d00  PieVectTable                   
1     00001800  AdcaResultRegs                 
1     00004600  EPwm7Regs                      
1     00006a00  AdccRegs                       
1     00006c00  AdcdRegs                       
1     00006e00  AdceRegs                       
1     00007000  WdRegs                         
1     00007400  AdcaRegs                       
1     00007600  AdcbRegs                       
1     00007c00  GpioCtrlRegs                   
1     00007f00  GpioDataRegs                   
1     0005d200  ClkCfgRegs                     
1     0005d300  CpuSysRegs                     
1     0005d700  AnalogSubsysRegs               
1     0005e700  Dcc0Regs                       
1     0005e740  Dcc1Regs                       
1     0005f800  Flash0CtrlRegs                 
1     0005fb00  Flash0EccRegs                  
abs   00000023  RamfuncsLoadSize               
abs   00000023  RamfuncsRunSize                
abs   00000200  __TI_STACK_SIZE                
abs   ffffffff  __TI_pprof_out_hndl            
abs   ffffffff  __TI_prof_data_size            
abs   ffffffff  __TI_prof_data_start           
n/a   UNDEFED   __c_args__                     

[225 symbols]
